Component: Arm Compiler for Embedded 6.19 Tool: armlink [5e73cb00]

==============================================================================

Section Cross References

    main.o(.text.v_JamTask) refers to main.o(.bss.xJamSemaphore) for xJamSemaphore
    main.o(.text.v_JamTask) refers to queue.o(.text.xQueueSemaphoreTake) for xQueueSemaphoreTake
    main.o(.text.v_JamTask) refers to main.o(.bss.Auto_up_Handle) for Auto_up_Handle
    main.o(.text.v_JamTask) refers to main.o(.bss.Manual_up_Handle) for Manual_up_Handle
    main.o(.text.v_JamTask) refers to main.o(.bss.P_up_Handle) for P_up_Handle
    main.o(.text.v_JamTask) refers to tasks.o(.text.vTaskSuspend) for vTaskSuspend
    main.o(.ARM.exidx.text.v_JamTask) refers to main.o(.text.v_JamTask) for [Anonymous Symbol]
    main.o(.text.v_DUPAutomaticTask) refers to main.o(.bss.xUPAutomaticSemaphore) for xUPAutomaticSemaphore
    main.o(.text.v_DUPAutomaticTask) refers to queue.o(.text.xQueueSemaphoreTake) for xQueueSemaphoreTake
    main.o(.ARM.exidx.text.v_DUPAutomaticTask) refers to main.o(.text.v_DUPAutomaticTask) for [Anonymous Symbol]
    main.o(.text.v_DDOWNAutomaticTask) refers to main.o(.bss.xDOWNAutomaticSemaphore) for xDOWNAutomaticSemaphore
    main.o(.text.v_DDOWNAutomaticTask) refers to queue.o(.text.xQueueSemaphoreTake) for xQueueSemaphoreTake
    main.o(.text.v_DDOWNAutomaticTask) refers to main.o(.bss.Auto_up_Handle) for Auto_up_Handle
    main.o(.text.v_DDOWNAutomaticTask) refers to main.o(.bss.Manual_up_Handle) for Manual_up_Handle
    main.o(.text.v_DDOWNAutomaticTask) refers to main.o(.bss.P_up_Handle) for P_up_Handle
    main.o(.text.v_DDOWNAutomaticTask) refers to tasks.o(.text.vTaskResume) for vTaskResume
    main.o(.ARM.exidx.text.v_DDOWNAutomaticTask) refers to main.o(.text.v_DDOWNAutomaticTask) for [Anonymous Symbol]
    main.o(.text.v_DUPManualTask) refers to main.o(.bss.xUPManualSemaphore) for xUPManualSemaphore
    main.o(.text.v_DUPManualTask) refers to queue.o(.text.xQueueSemaphoreTake) for xQueueSemaphoreTake
    main.o(.ARM.exidx.text.v_DUPManualTask) refers to main.o(.text.v_DUPManualTask) for [Anonymous Symbol]
    main.o(.text.v_DDOWNManualTask) refers to main.o(.bss.xDOWNManualSemaphore) for xDOWNManualSemaphore
    main.o(.text.v_DDOWNManualTask) refers to queue.o(.text.xQueueSemaphoreTake) for xQueueSemaphoreTake
    main.o(.text.v_DDOWNManualTask) refers to main.o(.bss.Auto_up_Handle) for Auto_up_Handle
    main.o(.text.v_DDOWNManualTask) refers to main.o(.bss.Manual_up_Handle) for Manual_up_Handle
    main.o(.text.v_DDOWNManualTask) refers to main.o(.bss.P_up_Handle) for P_up_Handle
    main.o(.text.v_DDOWNManualTask) refers to tasks.o(.text.vTaskResume) for vTaskResume
    main.o(.ARM.exidx.text.v_DDOWNManualTask) refers to main.o(.text.v_DDOWNManualTask) for [Anonymous Symbol]
    main.o(.text.vLOCKTask) refers to main.o(.bss.xLOCKSemaphore) for xLOCKSemaphore
    main.o(.text.vLOCKTask) refers to queue.o(.text.xQueueSemaphoreTake) for xQueueSemaphoreTake
    main.o(.ARM.exidx.text.vLOCKTask) refers to main.o(.text.vLOCKTask) for [Anonymous Symbol]
    main.o(.text.v_PUPTask) refers to main.o(.bss.xUPSemaphore_P) for xUPSemaphore_P
    main.o(.text.v_PUPTask) refers to queue.o(.text.xQueueSemaphoreTake) for xQueueSemaphoreTake
    main.o(.ARM.exidx.text.v_PUPTask) refers to main.o(.text.v_PUPTask) for [Anonymous Symbol]
    main.o(.text.v_PDOWNTask) refers to main.o(.bss.xDOWNSemaphore_P) for xDOWNSemaphore_P
    main.o(.text.v_PDOWNTask) refers to queue.o(.text.xQueueSemaphoreTake) for xQueueSemaphoreTake
    main.o(.text.v_PDOWNTask) refers to main.o(.bss.P_up_Handle) for P_up_Handle
    main.o(.text.v_PDOWNTask) refers to main.o(.bss.Auto_up_Handle) for Auto_up_Handle
    main.o(.text.v_PDOWNTask) refers to main.o(.bss.Manual_up_Handle) for Manual_up_Handle
    main.o(.text.v_PDOWNTask) refers to tasks.o(.text.vTaskResume) for vTaskResume
    main.o(.ARM.exidx.text.v_PDOWNTask) refers to main.o(.text.v_PDOWNTask) for [Anonymous Symbol]
    main.o(.text.main) refers to queue.o(.text.xQueueGenericCreate) for xQueueGenericCreate
    main.o(.text.main) refers to main.o(.bss.xUPAutomaticSemaphore) for xUPAutomaticSemaphore
    main.o(.text.main) refers to queue.o(.text.xQueueGenericSend) for xQueueGenericSend
    main.o(.text.main) refers to main.o(.bss.xDOWNAutomaticSemaphore) for xDOWNAutomaticSemaphore
    main.o(.text.main) refers to main.o(.bss.xUPManualSemaphore) for xUPManualSemaphore
    main.o(.text.main) refers to main.o(.bss.xDOWNManualSemaphore) for xDOWNManualSemaphore
    main.o(.text.main) refers to main.o(.bss.xUPSemaphore_P) for xUPSemaphore_P
    main.o(.text.main) refers to main.o(.bss.xDOWNSemaphore_P) for xDOWNSemaphore_P
    main.o(.text.main) refers to main.o(.bss.xJamSemaphore) for xJamSemaphore
    main.o(.text.main) refers to main.o(.bss.xLOCKSemaphore) for xLOCKSemaphore
[...]
    Removing tasks.o(.text.vTaskPrioritySet), (246 bytes).
    Removing tasks.o(.ARM.exidx.text.vTaskPrioritySet), (8 bytes).
    Removing tasks.o(.ARM.exidx.text.vTaskSuspend), (8 bytes).
    Removing tasks.o(.ARM.exidx.text.vTaskSwitchContext), (8 bytes).
    Removing tasks.o(.ARM.exidx.text.vTaskResume), (8 bytes).
    Removing tasks.o(.text.xTaskResumeFromISR), (224 bytes).
    Removing tasks.o(.ARM.exidx.text.xTaskResumeFromISR), (8 bytes).
    Removing tasks.o(.ARM.exidx.text.vTaskStartScheduler), (8 bytes).
    Removing tasks.o(.ARM.exidx.text.prvIdleTask), (8 bytes).
    Removing tasks.o(.text.vTaskEndScheduler), (32 bytes).
    Removing tasks.o(.ARM.exidx.text.vTaskEndScheduler), (8 bytes).
    Removing tasks.o(.ARM.exidx.text.xTaskIncrementTick), (8 bytes).
    Removing tasks.o(.ARM.exidx.text.xTaskGetTickCount), (8 bytes).
    Removing tasks.o(.text.xTaskGetTickCountFromISR), (18 bytes).
    Removing tasks.o(.ARM.exidx.text.xTaskGetTickCountFromISR), (8 bytes).
    Removing tasks.o(.ARM.exidx.text.uxTaskGetNumberOfTasks), (8 bytes).
    Removing tasks.o(.text.pcTaskGetName), (38 bytes).
    Removing tasks.o(.ARM.exidx.text.pcTaskGetName), (8 bytes).
    Removing tasks.o(.text.xTaskCatchUpTicks), (72 bytes).
    Removing tasks.o(.ARM.exidx.text.xTaskCatchUpTicks), (8 bytes).
    Removing tasks.o(.ARM.exidx.text.vTaskPlaceOnEventList), (8 bytes).
    Removing tasks.o(.text.vTaskPlaceOnUnorderedEventList), (142 bytes).
    Removing tasks.o(.ARM.exidx.text.vTaskPlaceOnUnorderedEventList), (8 bytes).
    Removing tasks.o(.ARM.exidx.text.vTaskPlaceOnEventListRestricted), (8 bytes).
    Removing tasks.o(.ARM.exidx.text.xTaskRemoveFromEventList), (8 bytes).
    Removing tasks.o(.text.vTaskRemoveFromUnorderedEventList), (238 bytes).
    Removing tasks.o(.ARM.exidx.text.vTaskRemoveFromUnorderedEventList), (8 bytes).
    Removing tasks.o(.text.vTaskSetTimeOutState), (62 bytes).
    Removing tasks.o(.ARM.exidx.text.vTaskSetTimeOutState), (8 bytes).
    Removing tasks.o(.ARM.exidx.text.vTaskInternalSetTimeOutState), (8 bytes).
    Removing tasks.o(.ARM.exidx.text.xTaskCheckForTimeOut), (8 bytes).
    Removing tasks.o(.ARM.exidx.text.vTaskMissedYield), (8 bytes).
    Removing tasks.o(.text.xTaskGetCurrentTaskHandle), (12 bytes).
    Removing tasks.o(.ARM.exidx.text.xTaskGetCurrentTaskHandle), (8 bytes).
    Removing tasks.o(.ARM.exidx.text.xTaskGetSchedulerState), (8 bytes).
    Removing tasks.o(.ARM.exidx.text.xTaskPriorityInherit), (8 bytes).
    Removing tasks.o(.ARM.exidx.text.xTaskPriorityDisinherit), (8 bytes).
    Removing tasks.o(.ARM.exidx.text.vTaskPriorityDisinheritAfterTimeout), (8 bytes).
    Removing tasks.o(.text.uxTaskResetEventItemValue), (26 bytes).
    Removing tasks.o(.ARM.exidx.text.uxTaskResetEventItemValue), (8 bytes).
    Removing tasks.o(.ARM.exidx.text.pvTaskIncrementMutexHeldCount), (8 bytes).
    Removing tasks.o(.text.ulTaskGenericNotifyTake), (150 bytes).
    Removing tasks.o(.ARM.exidx.text.ulTaskGenericNotifyTake), (8 bytes).
    Removing tasks.o(.text.xTaskGenericNotifyWait), (194 bytes).
    Removing tasks.o(.ARM.exidx.text.xTaskGenericNotifyWait), (8 bytes).
    Removing tasks.o(.text.xTaskGenericNotify), (358 bytes).
    Removing tasks.o(.ARM.exidx.text.xTaskGenericNotify), (8 bytes).
    Removing tasks.o(.text.xTaskGenericNotifyFromISR), (402 bytes).
    Removing tasks.o(.ARM.exidx.text.xTaskGenericNotifyFromISR), (8 bytes).
    Removing tasks.o(.text.vTaskGenericNotifyGiveFromISR), (304 bytes).
    Removing tasks.o(.ARM.exidx.text.vTaskGenericNotifyGiveFromISR), (8 bytes).
    Removing tasks.o(.text.xTaskGenericNotifyStateClear), (66 bytes).
    Removing tasks.o(.ARM.exidx.text.xTaskGenericNotifyStateClear), (8 bytes).
    Removing tasks.o(.text.ulTaskGenericNotifyValueClear), (44 bytes).
    Removing tasks.o(.ARM.exidx.text.ulTaskGenericNotifyValueClear), (8 bytes).
    Removing timers.o(.text), (0 bytes).
    Removing timers.o(.ARM.exidx.text.xTimerCreateTimerTask), (8 bytes).
    Removing timers.o(.ARM.exidx.text.prvTimerTask), (8 bytes).
    Removing timers.o(.text.xTimerCreate), (186 bytes).
    Removing timers.o(.ARM.exidx.text.xTimerCreate), (8 bytes).
    Removing timers.o(.text.xTimerGenericCommand), (104 bytes).
    Removing timers.o(.ARM.exidx.text.xTimerGenericCommand), (8 bytes).
    Removing timers.o(.text.xTimerGetTimerDaemonTaskHandle), (34 bytes).
    Removing timers.o(.ARM.exidx.text.xTimerGetTimerDaemonTaskHandle), (8 bytes).
    Removing timers.o(.text.xTimerGetPeriod), (26 bytes).
    Removing timers.o(.ARM.exidx.text.xTimerGetPeriod), (8 bytes).
    Removing timers.o(.text.vTimerSetReloadMode), (62 bytes).
    Removing timers.o(.ARM.exidx.text.vTimerSetReloadMode), (8 bytes).
    Removing timers.o(.text.xTimerGetReloadMode), (46 bytes).
    Removing timers.o(.ARM.exidx.text.xTimerGetReloadMode), (8 bytes).
    Removing timers.o(.text.uxTimerGetReloadMode), (46 bytes).
    Removing timers.o(.ARM.exidx.text.uxTimerGetReloadMode), (8 bytes).
    Removing timers.o(.text.xTimerGetExpiryTime), (26 bytes).
    Removing timers.o(.ARM.exidx.text.xTimerGetExpiryTime), (8 bytes).
    Removing timers.o(.text.pcTimerGetName), (26 bytes).
    Removing timers.o(.ARM.exidx.text.pcTimerGetName), (8 bytes).
    Removing timers.o(.text.xTimerIsTimerActive), (46 bytes).
    Removing timers.o(.ARM.exidx.text.xTimerIsTimerActive), (8 bytes).
    Removing timers.o(.text.pvTimerGetTimerID), (38 bytes).
    Removing timers.o(.ARM.exidx.text.pvTimerGetTimerID), (8 bytes).
    Removing timers.o(.text.vTimerSetTimerID), (42 bytes).
    Removing timers.o(.ARM.exidx.text.vTimerSetTimerID), (8 bytes).
    Removing timers.o(.ARM.exidx.text.prvProcessExpiredTimer), (8 bytes).

205 unused section(s) (total 8198 bytes) removed from the image.

==============================================================================

Image Symbol Table

    Local Symbols

    Symbol Name                              Value     Ov Type        Size  Object(Section)

    ../clib/angel/boardlib.s                 0x00000000   Number         0  boardinit1.o ABSOLUTE
    ../clib/angel/boardlib.s                 0x00000000   Number         0  boardinit2.o ABSOLUTE
    ../clib/angel/boardlib.s                 0x00000000   Number         0  boardinit3.o ABSOLUTE
    ../clib/angel/boardlib.s                 0x00000000   Number         0  boardshut.o ABSOLUTE
    ../clib/angel/handlers.s                 0x00000000   Number         0  __scatter_copy.o ABSOLUTE
    ../clib/angel/handlers.s                 0x00000000   Number         0  __scatter_zi.o ABSOLUTE
    ../clib/angel/kernel.s                   0x00000000   Number         0  __rtentry.o ABSOLUTE
    ../clib/angel/kernel.s                   0x00000000   Number         0  __rtentry2.o ABSOLUTE
    ../clib/angel/kernel.s                   0x00000000   Number         0  __rtentry4.o ABSOLUTE
    ../clib/angel/kernel.s                   0x00000000   Number         0  rtexit.o ABSOLUTE
    ../clib/angel/kernel.s                   0x00000000   Number         0  rtexit2.o ABSOLUTE
    ../clib/angel/rt.s                       0x00000000   Number         0  rt_raise.o ABSOLUTE
    ../clib/angel/scatter.s                  0x00000000   Number         0  __scatter.o ABSOLUTE
    ../clib/angel/startup.s                  0x00000000   Number         0  __main.o ABSOLUTE
    ../clib/angel/sys.s                      0x00000000   Number         0  sys_stackheap_outer.o ABSOLUTE
    ../clib/angel/sys.s                      0x00000000   Number         0  libspace.o ABSOLUTE
    ../clib/angel/sys.s                      0x00000000   Number         0  use_no_semi.o ABSOLUTE
    ../clib/angel/sys.s                      0x00000000   Number         0  indicate_semi.o ABSOLUTE
    ../clib/angel/sysapp.c                   0x00000000   Number         0  sys_exit.o ABSOLUTE
    ../clib/angel/sysapp.c                   0x00000000   Number         0  sys_exit_hlt.o ABSOLUTE
    ../clib/angel/sysapp.c                   0x00000000   Number         0  sys_command.o ABSOLUTE
    ../clib/angel/sysapp.c                   0x00000000   Number         0  sys_command_hlt.o ABSOLUTE
    ../clib/angel/sysapp.c                   0x00000000   Number         0  sys_wrch.o ABSOLUTE
    ../clib/angel/sysapp.c                   0x00000000   Number         0  sys_wrch_hlt.o ABSOLUTE
    ../clib/armsys.c                         0x00000000   Number         0  argv_veneer.o ABSOLUTE
    ../clib/armsys.c                         0x00000000   Number         0  argv_veneer.o ABSOLUTE
    ../clib/armsys.c                         0x00000000   Number         0  _get_argv_nomalloc.o ABSOLUTE
    ../clib/armsys.c                         0x00000000   Number         0  no_argv.o ABSOLUTE
    ../clib/heapalloc.c                      0x00000000   Number         0  hrguard.o ABSOLUTE
    ../clib/heapaux.c                        0x00000000   Number         0  heapauxi.o ABSOLUTE
    ../clib/libinit.s                        0x00000000   Number         0  libinit.o ABSOLUTE
    ../clib/libinit.s                        0x00000000   Number         0  libinit2.o ABSOLUTE
    ../clib/libinit.s                        0x00000000   Number         0  libshutdown.o ABSOLUTE
    ../clib/libinit.s                        0x00000000   Number         0  libshutdown2.o ABSOLUTE
    ../clib/memcpset.s                       0x00000000   Number         0  rt_memcpy_v6.o ABSOLUTE
    ../clib/memcpset.s                       0x00000000   Number         0  rt_memclr.o ABSOLUTE
    ../clib/memcpset.s                       0x00000000   Number         0  rt_memcpy_w.o ABSOLUTE
    ../clib/memcpset.s                       0x00000000   Number         0  rt_memclr_w.o ABSOLUTE
    ../clib/signal.c                         0x00000000   Number         0  defsig_rtmem_outer.o ABSOLUTE
    ../clib/signal.c                         0x00000000   Number         0  defsig_rtmem_formal.o ABSOLUTE
    ../clib/signal.c                         0x00000000   Number         0  defsig_exit.o ABSOLUTE
    ../clib/signal.c                         0x00000000   Number         0  defsig_rtmem_inner.o ABSOLUTE
    ../clib/signal.c                         0x00000000   Number         0  __raise.o ABSOLUTE
    ../clib/signal.c                         0x00000000   Number         0  defsig_general.o ABSOLUTE
    ../clib/signal.c                         0x00000000   Number         0  defsig_abrt_inner.o ABSOLUTE
    ../clib/signal.c                         0x00000000   Number         0  defsig_fpe_inner.o ABSOLUTE
    ../clib/signal.c                         0x00000000   Number         0  defsig_rtred_inner.o ABSOLUTE
    ../clib/signal.c                         0x00000000   Number         0  defsig_stak_inner.o ABSOLUTE
    ../clib/signal.c                         0x00000000   Number         0  defsig_pvfn_inner.o ABSOLUTE
    ../clib/signal.c                         0x00000000   Number         0  defsig_cppl_inner.o ABSOLUTE
    ../clib/signal.c                         0x00000000   Number         0  defsig_segv_inner.o ABSOLUTE
    ../clib/signal.c                         0x00000000   Number         0  defsig_other.o ABSOLUTE
    ../clib/signal.s                         0x00000000   Number         0  defsig.o ABSOLUTE
    ../clib/stdlib.c                         0x00000000   Number         0  exit.o ABSOLUTE
    ../fplib/fpinit.s                        0x00000000   Number         0  fpinit.o ABSOLUTE
    RTE/Device/TM4C123GH6PM/startup_TM4C123.s 0x00000000   Number         0  startup_tm4c123.o ABSOLUTE
    dc.s                                     0x00000000   Number         0  dc.o ABSOLUTE
    freertos_evr.c                           0x00000000   Number         0  freertos_evr.o ABSOLUTE
    heap_1.c                                 0x00000000   Number         0  heap_1.o ABSOLUTE
    list.c                                   0x00000000   Number         0  list.o ABSOLUTE
    main.c                                   0x00000000   Number         0  main.o ABSOLUTE
    port.c                                   0x00000000   Number         0  port.o ABSOLUTE
    queue.c                                  0x00000000   Number         0  queue.o ABSOLUTE
    system_TM4C123.c                         0x00000000   Number         0  system_tm4c123.o ABSOLUTE
    tasks.c                                  0x00000000   Number         0  tasks.o ABSOLUTE
    timers.c                                 0x00000000   Number         0  timers.o ABSOLUTE
    RESET                                    0x00000000   Section      620  startup_tm4c123.o(RESET)
    !!!main                                  0x0000026c   Section        8  __main.o(!!!main)
    !!!scatter                               0x00000274   Section       52  __scatter.o(!!!scatter)
    !!handler_copy                           0x000002a8   Section       26  __scatter_copy.o(!!handler_copy)
    !!handler_zi                             0x000002c4   Section       28  __scatter_zi.o(!!handler_zi)
    .ARM.Collect$$libinit$$00000000          0x000002e0   Section        2  libinit.o(.ARM.Collect$$libinit$$00000000)
    .ARM.Collect$$libinit$$00000001          0x000002e2   Section        4  libinit2.o(.ARM.Collect$$libinit$$00000001)
    .ARM.Collect$$libinit$$00000004          0x000002e6   Section        0  libinit2.o(.ARM.Collect$$libinit$$00000004)
    .ARM.Collect$$libinit$$00000006          0x000002e6   Section        0  libinit2.o(.ARM.Collect$$libinit$$00000006)
    .ARM.Collect$$libinit$$0000000C          0x000002e6   Section        0  libinit2.o(.ARM.Collect$$libinit$$0000000C)
    .ARM.Collect$$libinit$$0000000E          0x000002e6   Section        0  libinit2.o(.ARM.Collect$$libinit$$0000000E)
    .ARM.Collect$$libinit$$00000010          0x000002e6   Section        0  libinit2.o(.ARM.Collect$$libinit$$00000010)
    .ARM.Collect$$libinit$$00000013          0x000002e6   Section        0  libinit2.o(.ARM.Collect$$libinit$$00000013)
    .ARM.Collect$$libinit$$00000015          0x000002e6   Section        0  libinit2.o(.ARM.Collect$$libinit$$00000015)
    .ARM.Collect$$libinit$$00000017          0x000002e6   Section        0  libinit2.o(.ARM.Collect$$libinit$$00000017)
    .ARM.Collect$$libinit$$00000019          0x000002e6   Section        0  libinit2.o(.ARM.Collect$$libinit$$00000019)
    .ARM.Collect$$libinit$$0000001B          0x000002e6   Section        0  libinit2.o(.ARM.Collect$$libinit$$0000001B)
    .ARM.Collect$$libinit$$0000001D          0x000002e6   Section        0  libinit2.o(.ARM.Collect$$libinit$$0000001D)
    .ARM.Collect$$libinit$$0000001F          0x000002e6   Section        0  libinit2.o(.ARM.Collect$$libinit$$0000001F)
    .ARM.Collect$$libinit$$00000021          0x000002e6   Section        0  libinit2.o(.ARM.Collect$$libinit$$00000021)
    .ARM.Collect$$libinit$$00000023          0x000002e6   Section        0  libinit2.o(.ARM.Collect$$libinit$$00000023)
    .ARM.Collect$$libinit$$00000025          0x000002e6   Section        0  libinit2.o(.ARM.Collect$$libinit$$00000025)
    .ARM.Collect$$libinit$$00000027          0x000002e6   Section        0  libinit2.o(.ARM.Collect$$libinit$$00000027)
    .ARM.Collect$$libinit$$0000002E          0x000002e6   Section        0  libinit2.o(.ARM.Collect$$libinit$$0000002E)
    .ARM.Collect$$libinit$$00000030          0x000002e6   Section        0  libinit2.o(.ARM.Collect$$libinit$$00000030)
    .ARM.Collect$$libinit$$00000032          0x000002e6   Section        0  libinit2.o(.ARM.Collect$$libinit$$00000032)
    .ARM.Collect$$libinit$$00000034          0x000002e6   Section        0  libinit2.o(.ARM.Collect$$libinit$$00000034)
    .ARM.Collect$$libinit$$00000035          0x000002e6   Section        2  libinit2.o(.ARM.Collect$$libinit$$00000035)
    .ARM.Collect$$libshutdown$$00000000      0x000002e8   Section        2  libshutdown.o(.ARM.Collect$$libshutdown$$00000000)
    .ARM.Collect$$libshutdown$$00000002      0x000002ea   Section        0  libshutdown2.o(.ARM.Collect$$libshutdown$$00000002)
    .ARM.Collect$$libshutdown$$00000004      0x000002ea   Section        0  libshutdown2.o(.ARM.Collect$$libshutdown$$00000004)
    .ARM.Collect$$libshutdown$$00000007      0x000002ea   Section        0  libshutdown2.o(.ARM.Collect$$libshutdown$$00000007)
    .ARM.Collect$$libshutdown$$0000000A      0x000002ea   Section        0  libshutdown2.o(.ARM.Collect$$libshutdown$$0000000A)
    .ARM.Collect$$libshutdown$$0000000C      0x000002ea   Section        0  libshutdown2.o(.ARM.Collect$$libshutdown$$0000000C)
    .ARM.Collect$$libshutdown$$0000000F      0x000002ea   Section        0  libshutdown2.o(.ARM.Collect$$libshutdown$$0000000F)
    .ARM.Collect$$libshutdown$$00000010      0x000002ea   Section        2  libshutdown2.o(.ARM.Collect$$libshutdown$$00000010)
    .ARM.Collect$$rtentry$$00000000          0x000002ec   Section        0  __rtentry.o(.ARM.Collect$$rtentry$$00000000)
    .ARM.Collect$$rtentry$$00000002          0x000002ec   Section        0  __rtentry2.o(.ARM.Collect$$rtentry$$00000002)
    .ARM.Collect$$rtentry$$00000004          0x000002ec   Section        6  __rtentry4.o(.ARM.Collect$$rtentry$$00000004)
    .ARM.Collect$$rtentry$$00000009          0x000002f2   Section        0  __rtentry2.o(.ARM.Collect$$rtentry$$00000009)
    .ARM.Collect$$rtentry$$0000000A          0x000002f2   Section        4  __rtentry2.o(.ARM.Collect$$rtentry$$0000000A)
    .ARM.Collect$$rtentry$$0000000C          0x000002f6   Section        0  __rtentry2.o(.ARM.Collect$$rtentry$$0000000C)
    .ARM.Collect$$rtentry$$0000000D          0x000002f6   Section        8  __rtentry2.o(.ARM.Collect$$rtentry$$0000000D)
    .ARM.Collect$$rtexit$$00000000           0x000002fe   Section        2  rtexit.o(.ARM.Collect$$rtexit$$00000000)
    .ARM.Collect$$rtexit$$00000002           0x00000300   Section        0  rtexit2.o(.ARM.Collect$$rtexit$$00000002)
    .ARM.Collect$$rtexit$$00000003           0x00000300   Section        4  rtexit2.o(.ARM.Collect$$rtexit$$00000003)
    .ARM.Collect$$rtexit$$00000004           0x00000304   Section        6  rtexit2.o(.ARM.Collect$$rtexit$$00000004)
    $v0                                      0x0000030c   Number         0  startup_tm4c123.o(.text)
    .text                                    0x0000030c   Section      276  startup_tm4c123.o(.text)
    .text                                    0x00000420   Section      138  rt_memcpy_v6.o(.text)
    .text                                    0x000004aa   Section       68  rt_memclr.o(.text)
    .text                                    0x000004ee   Section        0  heapauxi.o(.text)
    .text                                    0x000004f4   Section      100  rt_memcpy_w.o(.text)
    .text                                    0x00000558   Section       78  rt_memclr_w.o(.text)
    .text                                    0x000005a6   Section       74  sys_stackheap_outer.o(.text)
    .text                                    0x000005f0   Section        0  exit.o(.text)
    .text                                    0x00000604   Section        8  libspace.o(.text)
    .text                                    0x0000060c   Section        0  sys_exit.o(.text)
    .text                                    0x00000618   Section        2  use_no_semi.o(.text)
    .text                                    0x0000061a   Section        0  indicate_semi.o(.text)
    [Anonymous Symbol]                       0x0000061c   Section        0  main.o(.text.GPIOD_Handler)
    [Anonymous Symbol]                       0x000006d8   Section        0  main.o(.text.GPIOE_Handler)
    [Anonymous Symbol]                       0x00000744   Section        0  main.o(.text.GPIOF_Handler)
    [Anonymous Symbol]                       0x00000840   Section        0  port.o(.text.PendSV_Handler)
    pxCurrentTCBConst                        0x000008a0   Number         0  port.o(.text.PendSV_Handler)
    [Anonymous Symbol]                       0x000008b0   Section        0  port.o(.text.SVC_Handler)
    pxCurrentTCBConst2                       0x000008d0   Number         0  port.o(.text.SVC_Handler)
    [Anonymous Symbol]                       0x000008d4   Section        0  port.o(.text.SysTick_Handler)
    [Anonymous Symbol]                       0x00000904   Section        0  system_tm4c123.o(.text.SystemInit)
    [Anonymous Symbol]                       0x00000974   Section        0  main.o(.text.main)
    prvAddCurrentTaskToDelayedList           0x00000d4d   Thumb Code   192  tasks.o(.text.prvAddCurrentTaskToDelayedList)
    [Anonymous Symbol]                       0x00000d4c   Section        0  tasks.o(.text.prvAddCurrentTaskToDelayedList)
    prvIdleTask                              0x00000e0d   Thumb Code   118  tasks.o(.text.prvIdleTask)
    [Anonymous Symbol]                       0x00000e0c   Section        0  tasks.o(.text.prvIdleTask)
    prvNotifyQueueSetContainer               0x00000e85   Thumb Code   204  queue.o(.text.prvNotifyQueueSetContainer)
    [Anonymous Symbol]                       0x00000e84   Section        0  queue.o(.text.prvNotifyQueueSetContainer)
    prvPortStartFirstTask                    0x00000f51   Thumb Code    40  port.o(.text.prvPortStartFirstTask)
    [Anonymous Symbol]                       0x00000f50   Section        0  port.o(.text.prvPortStartFirstTask)
    prvProcessExpiredTimer                   0x00000f79   Thumb Code   130  timers.o(.text.prvProcessExpiredTimer)
    [Anonymous Symbol]                       0x00000f78   Section        0  timers.o(.text.prvProcessExpiredTimer)
    prvTaskExitError                         0x00000ffd   Thumb Code    50  port.o(.text.prvTaskExitError)
    [Anonymous Symbol]                       0x00000ffc   Section        0  port.o(.text.prvTaskExitError)
    prvTimerTask                             0x00001031   Thumb Code   570  timers.o(.text.prvTimerTask)
    [Anonymous Symbol]                       0x00001030   Section        0  timers.o(.text.prvTimerTask)
    prvUnlockQueue                           0x0000126d   Thumb Code   136  queue.o(.text.prvUnlockQueue)
    [Anonymous Symbol]                       0x0000126c   Section        0  queue.o(.text.prvUnlockQueue)
    [Anonymous Symbol]                       0x000012f4   Section        0  heap_1.o(.text.pvPortMalloc)
    [Anonymous Symbol]                       0x00001360   Section        0  tasks.o(.text.pvTaskIncrementMutexHeldCount)
    [Anonymous Symbol]                       0x00001378   Section        0  port.o(.text.pxPortInitialiseStack)
    [Anonymous Symbol]                       0x000013a0   Section        0  list.o(.text.uxListRemove)
    [Anonymous Symbol]                       0x000013c4   Section        0  tasks.o(.text.uxTaskGetNumberOfTasks)
    [Anonymous Symbol]                       0x000013d0   Section        0  main.o(.text.vLOCKTask)
    [Anonymous Symbol]                       0x00001424   Section        0  list.o(.text.vListInitialise)
    [Anonymous Symbol]                       0x0000143c   Section        0  list.o(.text.vListInitialiseItem)
    [Anonymous Symbol]                       0x00001444   Section        0  list.o(.text.vListInsert)
    [Anonymous Symbol]                       0x00001480   Section        0  list.o(.text.vListInsertEnd)
    vPortEnableVFP                           0x0000149d   Thumb Code    20  port.o(.text.vPortEnableVFP)
    [Anonymous Symbol]                       0x0000149c   Section        0  port.o(.text.vPortEnableVFP)
    [Anonymous Symbol]                       0x000014b0   Section        0  port.o(.text.vPortEnterCritical)
    [Anonymous Symbol]                       0x000014f8   Section        0  port.o(.text.vPortExitCritical)
    [Anonymous Symbol]                       0x00001528   Section        0  heap_1.o(.text.vPortFree)
    [Anonymous Symbol]                       0x00001544   Section        0  port.o(.text.vPortSetupTimerInterrupt)
    [Anonymous Symbol]                       0x00001578   Section        0  port.o(.text.vPortValidateInterruptPriority)
    [Anonymous Symbol]                       0x000015dc   Section        0  queue.o(.text.vQueueWaitForMessageRestricted)
    [Anonymous Symbol]                       0x00001624   Section        0  tasks.o(.text.vTaskInternalSetTimeOutState)
    [Anonymous Symbol]                       0x00001640   Section        0  tasks.o(.text.vTaskMissedYield)
    [Anonymous Symbol]                       0x00001650   Section        0  tasks.o(.text.vTaskPlaceOnEventList)
    [Anonymous Symbol]                       0x00001688   Section        0  tasks.o(.text.vTaskPlaceOnEventListRestricted)
    [Anonymous Symbol]                       0x000016fc   Section        0  tasks.o(.text.vTaskPriorityDisinheritAfterTimeout)
    [Anonymous Symbol]                       0x000017cc   Section        0  tasks.o(.text.vTaskResume)
    [Anonymous Symbol]                       0x00001884   Section        0  tasks.o(.text.vTaskStartScheduler)
    [Anonymous Symbol]                       0x00001920   Section        0  tasks.o(.text.vTaskSuspend)
    [Anonymous Symbol]                       0x00001ab0   Section        0  tasks.o(.text.vTaskSuspendAll)
    __tagsym$$used.0                         0x00001ac0   Number         0  tasks.o(.text.vTaskSwitchContext)
    [Anonymous Symbol]                       0x00001ac0   Section        0  tasks.o(.text.vTaskSwitchContext)
    [Anonymous Symbol]                       0x00001b48   Section        0  main.o(.text.v_DDOWNAutomaticTask)
    [Anonymous Symbol]                       0x00001bf4   Section        0  main.o(.text.v_DDOWNManualTask)
    [Anonymous Symbol]                       0x00001ca0   Section        0  main.o(.text.v_DUPAutomaticTask)
    [Anonymous Symbol]                       0x00001d14   Section        0  main.o(.text.v_DUPManualTask)
    [Anonymous Symbol]                       0x00001d84   Section        0  main.o(.text.v_JamTask)
    [Anonymous Symbol]                       0x00001e0c   Section        0  main.o(.text.v_PDOWNTask)
    [Anonymous Symbol]                       0x00001ed4   Section        0  main.o(.text.v_PUPTask)
    [Anonymous Symbol]                       0x00001f68   Section        0  port.o(.text.xPortStartScheduler)
    [Anonymous Symbol]                       0x0000209c   Section        0  queue.o(.text.xQueueGenericCreate)
    [Anonymous Symbol]                       0x00002128   Section        0  queue.o(.text.xQueueGenericSend)
    [Anonymous Symbol]                       0x0000236c   Section        0  queue.o(.text.xQueueGiveFromISR)
    [Anonymous Symbol]                       0x00002488   Section        0  queue.o(.text.xQueueReceive)
    [Anonymous Symbol]                       0x00002630   Section        0  queue.o(.text.xQueueSemaphoreTake)
    [Anonymous Symbol]                       0x000027fc   Section        0  tasks.o(.text.xTaskCheckForTimeOut)
    [Anonymous Symbol]                       0x00002890   Section        0  tasks.o(.text.xTaskCreate)
    [Anonymous Symbol]                       0x00002a88   Section        0  tasks.o(.text.xTaskGetSchedulerState)
    [Anonymous Symbol]                       0x00002ab0   Section        0  tasks.o(.text.xTaskGetTickCount)
    [Anonymous Symbol]                       0x00002abc   Section        0  tasks.o(.text.xTaskIncrementTick)
    [Anonymous Symbol]                       0x00002c78   Section        0  tasks.o(.text.xTaskPriorityDisinherit)
    [Anonymous Symbol]                       0x00002d40   Section        0  tasks.o(.text.xTaskPriorityInherit)
    [Anonymous Symbol]                       0x00002e00   Section        0  tasks.o(.text.xTaskRemoveFromEventList)
    [Anonymous Symbol]                       0x00002ef0   Section        0  tasks.o(.text.xTaskResumeAll)
    [Anonymous Symbol]                       0x00003074   Section        0  timers.o(.text.xTimerCreateTimerTask)
    $v0                                      0x00003118   Number         0  fpinit.o(x$fpl$fpinit)
    x$fpl$fpinit                             0x00003118   Section       26  fpinit.o(x$fpl$fpinit)
    uxCriticalNesting                        0x20000004   Data           4  port.o(.data.uxCriticalNesting)
    [Anonymous Symbol]                       0x20000004   Section        0  port.o(.data.uxCriticalNesting)
    .bss                                     0x20000008   Section       96  libspace.o(.bss)
    prvSampleTimeNow.xLastTime               0x20000074   Data           4  timers.o(.bss.prvSampleTimeNow.xLastTime)
    [Anonymous Symbol]                       0x20000074   Section        0  timers.o(.bss.prvSampleTimeNow.xLastTime)
    pvPortMalloc.pucAlignedHeap              0x20000078   Data           4  heap_1.o(.bss.pvPortMalloc.pucAlignedHeap)
    [Anonymous Symbol]                       0x20000078   Section        0  heap_1.o(.bss.pvPortMalloc.pucAlignedHeap)
    __tagsym$$used.1                         0x2000007c   Number         0  tasks.o(.bss.pxCurrentTCB)
    pxCurrentTimerList                       0x20000080   Data           4  timers.o(.bss.pxCurrentTimerList)
    [Anonymous Symbol]                       0x20000080   Section        0  timers.o(.bss.pxCurrentTimerList)
    pxDelayedTaskList                        0x20000084   Data           4  tasks.o(.bss.pxDelayedTaskList)
    [Anonymous Symbol]                       0x20000084   Section        0  tasks.o(.bss.pxDelayedTaskList)
    pxOverflowDelayedTaskList                0x20000088   Data           4  tasks.o(.bss.pxOverflowDelayedTaskList)
    [Anonymous Symbol]                       0x20000088   Section        0  tasks.o(.bss.pxOverflowDelayedTaskList)
    pxOverflowTimerList                      0x2000008c   Data           4  timers.o(.bss.pxOverflowTimerList)
    [Anonymous Symbol]                       0x2000008c   Section        0  timers.o(.bss.pxOverflowTimerList)
    pxReadyTasksLists                        0x20000090   Data         300  tasks.o(.bss.pxReadyTasksLists)
    [Anonymous Symbol]                       0x20000090   Section        0  tasks.o(.bss.pxReadyTasksLists)
    ucHeap                                   0x200001bc   Data       24576  heap_1.o(.bss.ucHeap)
    [Anonymous Symbol]                       0x200001bc   Section        0  heap_1.o(.bss.ucHeap)
    ucMaxSysCallPriority                     0x200061bc   Data           1  port.o(.bss.ucMaxSysCallPriority)
    [Anonymous Symbol]                       0x200061bc   Section        0  port.o(.bss.ucMaxSysCallPriority)
    ulMaxPRIGROUPValue                       0x200061c0   Data           4  port.o(.bss.ulMaxPRIGROUPValue)
    [Anonymous Symbol]                       0x200061c0   Section        0  port.o(.bss.ulMaxPRIGROUPValue)
    uxCurrentNumberOfTasks                   0x200061c4   Data           4  tasks.o(.bss.uxCurrentNumberOfTasks)
    [Anonymous Symbol]                       0x200061c4   Section        0  tasks.o(.bss.uxCurrentNumberOfTasks)
    uxDeletedTasksWaitingCleanUp             0x200061c8   Data           4  tasks.o(.bss.uxDeletedTasksWaitingCleanUp)
    [Anonymous Symbol]                       0x200061c8   Section        0  tasks.o(.bss.uxDeletedTasksWaitingCleanUp)
    uxSchedulerSuspended                     0x200061cc   Data           4  tasks.o(.bss.uxSchedulerSuspended)
    [Anonymous Symbol]                       0x200061cc   Section        0  tasks.o(.bss.uxSchedulerSuspended)
    uxTaskNumber                             0x200061d0   Data           4  tasks.o(.bss.uxTaskNumber)
    [Anonymous Symbol]                       0x200061d0   Section        0  tasks.o(.bss.uxTaskNumber)
    uxTopReadyPriority                       0x200061d4   Data           4  tasks.o(.bss.uxTopReadyPriority)
    [Anonymous Symbol]                       0x200061d4   Section        0  tasks.o(.bss.uxTopReadyPriority)
    xActiveTimerList1                        0x200061d8   Data          20  timers.o(.bss.xActiveTimerList1)
    [Anonymous Symbol]                       0x200061d8   Section        0  timers.o(.bss.xActiveTimerList1)
    xActiveTimerList2                        0x200061ec   Data          20  timers.o(.bss.xActiveTimerList2)
    [Anonymous Symbol]                       0x200061ec   Section        0  timers.o(.bss.xActiveTimerList2)
    xDelayedTaskList1                        0x2000620c   Data          20  tasks.o(.bss.xDelayedTaskList1)
    [Anonymous Symbol]                       0x2000620c   Section        0  tasks.o(.bss.xDelayedTaskList1)
    xDelayedTaskList2                        0x20006220   Data          20  tasks.o(.bss.xDelayedTaskList2)
    [Anonymous Symbol]                       0x20006220   Section        0  tasks.o(.bss.xDelayedTaskList2)
    xIdleTaskHandle                          0x20006234   Data           4  tasks.o(.bss.xIdleTaskHandle)
    [Anonymous Symbol]                       0x20006234   Section        0  tasks.o(.bss.xIdleTaskHandle)
    xNextFreeByte                            0x20006240   Data           4  heap_1.o(.bss.xNextFreeByte)
    [Anonymous Symbol]                       0x20006240   Section        0  heap_1.o(.bss.xNextFreeByte)
    xNextTaskUnblockTime                     0x20006244   Data           4  tasks.o(.bss.xNextTaskUnblockTime)
    [Anonymous Symbol]                       0x20006244   Section        0  tasks.o(.bss.xNextTaskUnblockTime)
    xNumOfOverflows                          0x20006248   Data           4  tasks.o(.bss.xNumOfOverflows)
    [Anonymous Symbol]                       0x20006248   Section        0  tasks.o(.bss.xNumOfOverflows)
    xPendedTicks                             0x2000624c   Data           4  tasks.o(.bss.xPendedTicks)
    [Anonymous Symbol]                       0x2000624c   Section        0  tasks.o(.bss.xPendedTicks)
    xPendingReadyList                        0x20006250   Data          20  tasks.o(.bss.xPendingReadyList)
    [Anonymous Symbol]                       0x20006250   Section        0  tasks.o(.bss.xPendingReadyList)
    xSchedulerRunning                        0x20006264   Data           4  tasks.o(.bss.xSchedulerRunning)
    [Anonymous Symbol]                       0x20006264   Section        0  tasks.o(.bss.xSchedulerRunning)
    xSuspendedTaskList                       0x20006268   Data          20  tasks.o(.bss.xSuspendedTaskList)
    [Anonymous Symbol]                       0x20006268   Section        0  tasks.o(.bss.xSuspendedTaskList)
    xTasksWaitingTermination                 0x2000627c   Data          20  tasks.o(.bss.xTasksWaitingTermination)
    [Anonymous Symbol]                       0x2000627c   Section        0  tasks.o(.bss.xTasksWaitingTermination)
    xTickCount                               0x20006290   Data           4  tasks.o(.bss.xTickCount)
    [Anonymous Symbol]                       0x20006290   Section        0  tasks.o(.bss.xTickCount)
    xTimerQueue                              0x20006294   Data           4  timers.o(.bss.xTimerQueue)
    [Anonymous Symbol]                       0x20006294   Section        0  timers.o(.bss.xTimerQueue)
    xTimerTaskHandle                         0x20006298   Data           4  timers.o(.bss.xTimerTaskHandle)
    [Anonymous Symbol]                       0x20006298   Section        0  timers.o(.bss.xTimerTaskHandle)
    xYieldPending                            0x200062a8   Data           4  tasks.o(.bss.xYieldPending)
    [Anonymous Symbol]                       0x200062a8   Section        0  tasks.o(.bss.xYieldPending)
    Heap_Mem                                 0x200062b0   Data           0  startup_tm4c123.o(HEAP)
    Stack_Mem                                0x200062b0   Data         512  startup_tm4c123.o(STACK)
    HEAP                                     0x200062b0   Section        0  startup_tm4c123.o(HEAP)
    STACK                                    0x200062b0   Section      512  startup_tm4c123.o(STACK)
    __initial_sp                             0x200064b0   Data           0  startup_tm4c123.o(STACK)

    Global Symbols

    Symbol Name                              Value     Ov Type        Size  Object(Section)

    BuildAttributes$$THM_ISAv4$E$P$D$K$B$S$7EM$VFPi3$EXTD16$VFPS$VFMA$PE$A:L22UL41UL21$X:L11$S22US41US21$IEEE1$IW$~IW$USESV6$~STKCKD$USESV7$~SHL$OTIME$ROPI$EBA8$UX$STANDARDLIB$REQ8$PRES8$EABIv2 0x00000000   Number         0  anon$$obj.o ABSOLUTE
    __Vectors                                0x00000000   Data           4  startup_tm4c123.o(RESET)
    __ARM_exceptions_init                     - Undefined Weak Reference
    __alloca_initialize                       - Undefined Weak Reference
    __arm_preinit_                            - Undefined Weak Reference
    __arm_relocate_pie_                       - Undefined Weak Reference
    __cpp_initialize__aeabi_                  - Undefined Weak Reference
    __cxa_finalize                            - Undefined Weak Reference
    __rt_locale                               - Undefined Weak Reference
    __sigvec_lookup                           - Undefined Weak Reference
    _atexit_init                              - Undefined Weak Reference
    _call_atexit_fns                          - Undefined Weak Reference
    _clock_init                               - Undefined Weak Reference
    _fp_trap_init                             - Undefined Weak Reference
    _fp_trap_shutdown                         - Undefined Weak Reference
    _get_lc_collate                           - Undefined Weak Reference
    _get_lc_ctype                             - Undefined Weak Reference
    _get_lc_monetary                          - Undefined Weak Reference
    _get_lc_numeric                           - Undefined Weak Reference
    _get_lc_time                              - Undefined Weak Reference
    _getenv_init                              - Undefined Weak Reference
    _handle_redirection                       - Undefined Weak Reference
    _init_alloc                               - Undefined Weak Reference
    _init_user_alloc                          - Undefined Weak Reference
    _initio                                   - Undefined Weak Reference
    _rand_init                                - Undefined Weak Reference
    _signal_finish                            - Undefined Weak Reference
    _signal_init                              - Undefined Weak Reference
    _terminate_alloc                          - Undefined Weak Reference
    _terminate_user_alloc                     - Undefined Weak Reference
    _terminateio                              - Undefined Weak Reference
    __Vectors_End                            0x0000026c   Data           0  startup_tm4c123.o(RESET)
    __Vectors_Size                           0x0000026c   Number         0  startup_tm4c123.o ABSOLUTE
    __main                                   0x0000026d   Thumb Code     8  __main.o(!!!main)
    __scatterload                            0x00000275   Thumb Code     0  __scatter.o(!!!scatter)
    __scatterload_rt2                        0x00000275   Thumb Code    44  __scatter.o(!!!scatter)
    __scatterload_rt2_thumb_only             0x00000275   Thumb Code     0  __scatter.o(!!!scatter)
    __scatterload_null                       0x00000283   Thumb Code     0  __scatter.o(!!!scatter)
    __scatterload_copy                       0x000002a9   Thumb Code    26  __scatter_copy.o(!!handler_copy)
    __scatterload_zeroinit                   0x000002c5   Thumb Code    28  __scatter_zi.o(!!handler_zi)
    __rt_lib_init                            0x000002e1   Thumb Code     0  libinit.o(.ARM.Collect$$libinit$$00000000)
    __rt_lib_init_fp_1                       0x000002e3   Thumb Code     0  libinit2.o(.ARM.Collect$$libinit$$00000001)
    __rt_lib_init_alloca_1                   0x000002e7   Thumb Code     0  libinit2.o(.ARM.Collect$$libinit$$00000030)
    __rt_lib_init_argv_1                     0x000002e7   Thumb Code     0  libinit2.o(.ARM.Collect$$libinit$$0000002E)
    __rt_lib_init_atexit_1                   0x000002e7   Thumb Code     0  libinit2.o(.ARM.Collect$$libinit$$0000001D)
    __rt_lib_init_clock_1                    0x000002e7   Thumb Code     0  libinit2.o(.ARM.Collect$$libinit$$00000023)
    __rt_lib_init_cpp_1                      0x000002e7   Thumb Code     0  libinit2.o(.ARM.Collect$$libinit$$00000034)
    __rt_lib_init_exceptions_1               0x000002e7   Thumb Code     0  libinit2.o(.ARM.Collect$$libinit$$00000032)
    __rt_lib_init_fp_trap_1                  0x000002e7   Thumb Code     0  libinit2.o(.ARM.Collect$$libinit$$00000021)
    __rt_lib_init_getenv_1                   0x000002e7   Thumb Code     0  libinit2.o(.ARM.Collect$$libinit$$00000025)
    __rt_lib_init_heap_1                     0x000002e7   Thumb Code     0  libinit2.o(.ARM.Collect$$libinit$$0000000C)
    __rt_lib_init_lc_collate_1               0x000002e7   Thumb Code     0  libinit2.o(.ARM.Collect$$libinit$$00000013)
    __rt_lib_init_lc_ctype_1                 0x000002e7   Thumb Code     0  libinit2.o(.ARM.Collect$$libinit$$00000015)
    __rt_lib_init_lc_monetary_1              0x000002e7   Thumb Code     0  libinit2.o(.ARM.Collect$$libinit$$00000017)
    __rt_lib_init_lc_numeric_1               0x000002e7   Thumb Code     0  libinit2.o(.ARM.Collect$$libinit$$00000019)
    __rt_lib_init_lc_time_1                  0x000002e7   Thumb Code     0  libinit2.o(.ARM.Collect$$libinit$$0000001B)
    __rt_lib_init_preinit_1                  0x000002e7   Thumb Code     0  libinit2.o(.ARM.Collect$$libinit$$00000006)
    __rt_lib_init_rand_1                     0x000002e7   Thumb Code     0  libinit2.o(.ARM.Collect$$libinit$$00000010)
    __rt_lib_init_relocate_pie_1             0x000002e7   Thumb Code     0  libinit2.o(.ARM.Collect$$libinit$$00000004)
    __rt_lib_init_return                     0x000002e7   Thumb Code     0  libinit2.o(.ARM.Collect$$libinit$$00000035)
    __rt_lib_init_signal_1                   0x000002e7   Thumb Code     0  libinit2.o(.ARM.Collect$$libinit$$0000001F)
    __rt_lib_init_stdio_1                    0x000002e7   Thumb Code     0  libinit2.o(.ARM.Collect$$libinit$$00000027)
    __rt_lib_init_user_alloc_1               0x000002e7   Thumb Code     0  libinit2.o(.ARM.Collect$$libinit$$0000000E)
    __rt_lib_shutdown                        0x000002e9   Thumb Code     0  libshutdown.o(.ARM.Collect$$libshutdown$$00000000)
    __rt_lib_shutdown_cpp_1                  0x000002eb   Thumb Code     0  libshutdown2.o(.ARM.Collect$$libshutdown$$00000002)
    __rt_lib_shutdown_fp_trap_1              0x000002eb   Thumb Code     0  libshutdown2.o(.ARM.Collect$$libshutdown$$00000007)
    __rt_lib_shutdown_heap_1                 0x000002eb   Thumb Code     0  libshutdown2.o(.ARM.Collect$$libshutdown$$0000000F)
    __rt_lib_shutdown_return                 0x000002eb   Thumb Code     0  libshutdown2.o(.ARM.Collect$$libshutdown$$00000010)
    __rt_lib_shutdown_signal_1               0x000002eb   Thumb Code     0  libshutdown2.o(.ARM.Collect$$libshutdown$$0000000A)
    __rt_lib_shutdown_stdio_1                0x000002eb   Thumb Code     0  libshutdown2.o(.ARM.Collect$$libshutdown$$00000004)
    __rt_lib_shutdown_user_alloc_1           0x000002eb   Thumb Code     0  libshutdown2.o(.ARM.Collect$$libshutdown$$0000000C)
    __rt_entry                               0x000002ed   Thumb Code     0  __rtentry.o(.ARM.Collect$$rtentry$$00000000)
    __rt_entry_presh_1                       0x000002ed   Thumb Code     0  __rtentry2.o(.ARM.Collect$$rtentry$$00000002)
    __rt_entry_sh                            0x000002ed   Thumb Code     0  __rtentry4.o(.ARM.Collect$$rtentry$$00000004)
    __rt_entry_li                            0x000002f3   Thumb Code     0  __rtentry2.o(.ARM.Collect$$rtentry$$0000000A)
    __rt_entry_postsh_1                      0x000002f3   Thumb Code     0  __rtentry2.o(.ARM.Collect$$rtentry$$00000009)
    __rt_entry_main                          0x000002f7   Thumb Code     0  __rtentry2.o(.ARM.Collect$$rtentry$$0000000D)
    __rt_entry_postli_1                      0x000002f7   Thumb Code     0  __rtentry2.o(.ARM.Collect$$rtentry$$0000000C)
    __rt_exit                                0x000002ff   Thumb Code     0  rtexit.o(.ARM.Collect$$rtexit$$00000000)
    __rt_exit_ls                             0x00000301   Thumb Code     0  rtexit2.o(.ARM.Collect$$rtexit$$00000003)
    __rt_exit_prels_1                        0x00000301   Thumb Code     0  rtexit2.o(.ARM.Collect$$rtexit$$00000002)
    __rt_exit_exit                           0x00000305   Thumb Code     0  rtexit2.o(.ARM.Collect$$rtexit$$00000004)
    Reset_Handler                            0x0000030d   Thumb Code     8  startup_tm4c123.o(.text)
    NMI_Handler                              0x00000315   Thumb Code     2  startup_tm4c123.o(.text)
    HardFault_Handler                        0x00000317   Thumb Code     2  startup_tm4c123.o(.text)
    MemManage_Handler                        0x00000319   Thumb Code     2  startup_tm4c123.o(.text)
    BusFault_Handler                         0x0000031b   Thumb Code     2  startup_tm4c123.o(.text)
    UsageFault_Handler                       0x0000031d   Thumb Code     2  startup_tm4c123.o(.text)
    DebugMon_Handler                         0x00000321   Thumb Code     2  startup_tm4c123.o(.text)
    GPIOA_Handler                            0x00000327   Thumb Code     2  startup_tm4c123.o(.text)
    GPIOB_Handler                            0x00000329   Thumb Code     2  startup_tm4c123.o(.text)
    GPIOC_Handler                            0x0000032b   Thumb Code     2  startup_tm4c123.o(.text)
    UART0_Handler                            0x00000331   Thumb Code     2  startup_tm4c123.o(.text)
    UART1_Handler                            0x00000333   Thumb Code     2  startup_tm4c123.o(.text)
    SSI0_Handler                             0x00000335   Thumb Code     2  startup_tm4c123.o(.text)
    I2C0_Handler                             0x00000337   Thumb Code     2  startup_tm4c123.o(.text)
    PMW0_FAULT_Handler                       0x00000339   Thumb Code     2  startup_tm4c123.o(.text)
    PWM0_0_Handler                           0x0000033b   Thumb Code     2  startup_tm4c123.o(.text)
    PWM0_1_Handler                           0x0000033d   Thumb Code     2  startup_tm4c123.o(.text)
    PWM0_2_Handler                           0x0000033f   Thumb Code     2  startup_tm4c123.o(.text)
    QEI0_Handler                             0x00000341   Thumb Code     2  startup_tm4c123.o(.text)
    ADC0SS0_Handler                          0x00000343   Thumb Code     2  startup_tm4c123.o(.text)
    ADC0SS1_Handler                          0x00000345   Thumb Code     2  startup_tm4c123.o(.text)
    ADC0SS2_Handler                          0x00000347   Thumb Code     2  startup_tm4c123.o(.text)
    ADC0SS3_Handler                          0x00000349   Thumb Code     2  startup_tm4c123.o(.text)
    WDT0_Handler                             0x0000034b   Thumb Code     2  startup_tm4c123.o(.text)
    TIMER0A_Handler                          0x0000034d   Thumb Code     2  startup_tm4c123.o(.text)
    TIMER0B_Handler                          0x0000034f   Thumb Code     2  startup_tm4c123.o(.text)
    TIMER1A_Handler                          0x00000351   Thumb Code     2  startup_tm4c123.o(.text)
    TIMER1B_Handler                          0x00000353   Thumb Code     2  startup_tm4c123.o(.text)
    TIMER2A_Handler                          0x00000355   Thumb Code     2  startup_tm4c123.o(.text)
    TIMER2B_Handler                          0x00000357   Thumb Code     2  startup_tm4c123.o(.text)
    COMP0_Handler                            0x00000359   Thumb Code     2  startup_tm4c123.o(.text)
    COMP1_Handler                            0x0000035b   Thumb Code     2  startup_tm4c123.o(.text)
    COMP2_Handler                            0x0000035d   Thumb Code     2  startup_tm4c123.o(.text)
    SYSCTL_Handler                           0x0000035f   Thumb Code     2  startup_tm4c123.o(.text)
    FLASH_Handler                            0x00000361   Thumb Code     2  startup_tm4c123.o(.text)
    GPIOG_Handler                            0x00000365   Thumb Code     2  startup_tm4c123.o(.text)
    GPIOH_Handler                            0x00000367   Thumb Code     2  startup_tm4c123.o(.text)
    UART2_Handler                            0x00000369   Thumb Code     2  startup_tm4c123.o(.text)
    SSI1_Handler                             0x0000036b   Thumb Code     2  startup_tm4c123.o(.text)
    TIMER3A_Handler                          0x0000036d   Thumb Code     2  startup_tm4c123.o(.text)
    TIMER3B_Handler                          0x0000036f   Thumb Code     2  startup_tm4c123.o(.text)
    I2C1_Handler                             0x00000371   Thumb Code     2  startup_tm4c123.o(.text)
    QEI1_Handler                             0x00000373   Thumb Code     2  startup_tm4c123.o(.text)
    CAN0_Handler                             0x00000375   Thumb Code     2  startup_tm4c123.o(.text)
    CAN1_Handler                             0x00000377   Thumb Code     2  startup_tm4c123.o(.text)
    CAN2_Handler                             0x00000379   Thumb Code     2  startup_tm4c123.o(.text)
    HIB_Handler                              0x0000037b   Thumb Code     2  startup_tm4c123.o(.text)
    USB0_Handler                             0x0000037d   Thumb Code     2  startup_tm4c123.o(.text)
    PWM0_3_Handler                           0x0000037f   Thumb Code     2  startup_tm4c123.o(.text)
    UDMA_Handler                             0x00000381   Thumb Code     2  startup_tm4c123.o(.text)
    UDMAERR_Handler                          0x00000383   Thumb Code     2  startup_tm4c123.o(.text)
    ADC1SS0_Handler                          0x00000385   Thumb Code     2  startup_tm4c123.o(.text)
    ADC1SS1_Handler                          0x00000387   Thumb Code     2  startup_tm4c123.o(.text)
    ADC1SS2_Handler                          0x00000389   Thumb Code     2  startup_tm4c123.o(.text)
    ADC1SS3_Handler                          0x0000038b   Thumb Code     2  startup_tm4c123.o(.text)
    GPIOJ_Handler                            0x0000038d   Thumb Code     2  startup_tm4c123.o(.text)
    GPIOK_Handler                            0x0000038f   Thumb Code     2  startup_tm4c123.o(.text)
    GPIOL_Handler                            0x00000391   Thumb Code     2  startup_tm4c123.o(.text)
    SSI2_Handler                             0x00000393   Thumb Code     2  startup_tm4c123.o(.text)
    SSI3_Handler                             0x00000395   Thumb Code     2  startup_tm4c123.o(.text)
    UART3_Handler                            0x00000397   Thumb Code     2  startup_tm4c123.o(.text)
    UART4_Handler                            0x00000399   Thumb Code     2  startup_tm4c123.o(.text)
    UART5_Handler                            0x0000039b   Thumb Code     2  startup_tm4c123.o(.text)
    UART6_Handler                            0x0000039d   Thumb Code     2  startup_tm4c123.o(.text)
    UART7_Handler                            0x0000039f   Thumb Code     2  startup_tm4c123.o(.text)
    I2C2_Handler                             0x000003a1   Thumb Code     2  startup_tm4c123.o(.text)
    I2C3_Handler                             0x000003a3   Thumb Code     2  startup_tm4c123.o(.text)
    TIMER4A_Handler                          0x000003a5   Thumb Code     2  startup_tm4c123.o(.text)
    TIMER4B_Handler                          0x000003a7   Thumb Code     2  startup_tm4c123.o(.text)
    TIMER5A_Handler                          0x000003a9   Thumb Code     2  startup_tm4c123.o(.text)
    TIMER5B_Handler                          0x000003ab   Thumb Code     2  startup_tm4c123.o(.text)
    WTIMER0A_Handler                         0x000003ad   Thumb Code     2  startup_tm4c123.o(.text)
    WTIMER0B_Handler                         0x000003af   Thumb Code     2  startup_tm4c123.o(.text)
    WTIMER1A_Handler                         0x000003b1   Thumb Code     2  startup_tm4c123.o(.text)
    WTIMER1B_Handler                         0x000003b3   Thumb Code     2  startup_tm4c123.o(.text)
    WTIMER2A_Handler                         0x000003b5   Thumb Code     2  startup_tm4c123.o(.text)
    WTIMER2B_Handler                         0x000003b7   Thumb Code     2  startup_tm4c123.o(.text)
    WTIMER3A_Handler                         0x000003b9   Thumb Code     2  startup_tm4c123.o(.text)
    WTIMER3B_Handler                         0x000003bb   Thumb Code     2  startup_tm4c123.o(.text)
    WTIMER4A_Handler                         0x000003bd   Thumb Code     2  startup_tm4c123.o(.text)
    WTIMER4B_Handler                         0x000003bf   Thumb Code     2  startup_tm4c123.o(.text)
    WTIMER5A_Handler                         0x000003c1   Thumb Code     2  startup_tm4c123.o(.text)
    WTIMER5B_Handler                         0x000003c3   Thumb Code     2  startup_tm4c123.o(.text)
    FPU_Handler                              0x000003c5   Thumb Code     2  startup_tm4c123.o(.text)
    I2C4_Handler                             0x000003c7   Thumb Code     2  startup_tm4c123.o(.text)
    I2C5_Handler                             0x000003c9   Thumb Code     2  startup_tm4c123.o(.text)
    GPIOM_Handler                            0x000003cb   Thumb Code     2  startup_tm4c123.o(.text)
    GPION_Handler                            0x000003cd   Thumb Code     2  startup_tm4c123.o(.text)
    QEI2_Handler                             0x000003cf   Thumb Code     2  startup_tm4c123.o(.text)
    GPIOP0_Handler                           0x000003d1   Thumb Code     2  startup_tm4c123.o(.text)
    GPIOP1_Handler                           0x000003d3   Thumb Code     2  startup_tm4c123.o(.text)
    GPIOP2_Handler                           0x000003d5   Thumb Code     2  startup_tm4c123.o(.text)
    GPIOP3_Handler                           0x000003d7   Thumb Code     2  startup_tm4c123.o(.text)
    GPIOP4_Handler                           0x000003d9   Thumb Code     2  startup_tm4c123.o(.text)
    GPIOP5_Handler                           0x000003db   Thumb Code     2  startup_tm4c123.o(.text)
    GPIOP6_Handler                           0x000003dd   Thumb Code     2  startup_tm4c123.o(.text)
    GPIOP7_Handler                           0x000003df   Thumb Code     2  startup_tm4c123.o(.text)
    GPIOQ0_Handler                           0x000003e1   Thumb Code     2  startup_tm4c123.o(.text)
    GPIOQ1_Handler                           0x000003e3   Thumb Code     2  startup_tm4c123.o(.text)
    GPIOQ2_Handler                           0x000003e5   Thumb Code     2  startup_tm4c123.o(.text)
    GPIOQ3_Handler                           0x000003e7   Thumb Code     2  startup_tm4c123.o(.text)
    GPIOQ4_Handler                           0x000003e9   Thumb Code     2  startup_tm4c123.o(.text)
    GPIOQ5_Handler                           0x000003eb   Thumb Code     2  startup_tm4c123.o(.text)
    GPIOQ6_Handler                           0x000003ed   Thumb Code     2  startup_tm4c123.o(.text)
    GPIOQ7_Handler                           0x000003ef   Thumb Code     2  startup_tm4c123.o(.text)
    GPIOR_Handler                            0x000003f1   Thumb Code     2  startup_tm4c123.o(.text)
    GPIOS_Handler                            0x000003f3   Thumb Code     2  startup_tm4c123.o(.text)
    PMW1_0_Handler                           0x000003f5   Thumb Code     2  startup_tm4c123.o(.text)
    PWM1_1_Handler                           0x000003f7   Thumb Code     2  startup_tm4c123.o(.text)
    PWM1_2_Handler                           0x000003f9   Thumb Code     2  startup_tm4c123.o(.text)
    PWM1_3_Handler                           0x000003fb   Thumb Code     2  startup_tm4c123.o(.text)
    PWM1_FAULT_Handler                       0x000003fd   Thumb Code     2  startup_tm4c123.o(.text)
    __user_initial_stackheap                 0x00000401   Thumb Code     0  startup_tm4c123.o(.text)
    __aeabi_memcpy                           0x00000421   Thumb Code     0  rt_memcpy_v6.o(.text)
    __rt_memcpy                              0x00000421   Thumb Code   138  rt_memcpy_v6.o(.text)
    _memcpy_lastbytes                        0x00000487   Thumb Code     0  rt_memcpy_v6.o(.text)
    __aeabi_memclr                           0x000004ab   Thumb Code     0  rt_memclr.o(.text)
    __rt_memclr                              0x000004ab   Thumb Code     0  rt_memclr.o(.text)
    _memset                                  0x000004af   Thumb Code    64  rt_memclr.o(.text)
    __use_two_region_memory                  0x000004ef   Thumb Code     2  heapauxi.o(.text)
    __rt_heap_escrow$2region                 0x000004f1   Thumb Code     2  heapauxi.o(.text)
    __rt_heap_expand$2region                 0x000004f3   Thumb Code     2  heapauxi.o(.text)
    __aeabi_memcpy4                          0x000004f5   Thumb Code     0  rt_memcpy_w.o(.text)
    __aeabi_memcpy8                          0x000004f5   Thumb Code     0  rt_memcpy_w.o(.text)
    __rt_memcpy_w                            0x000004f5   Thumb Code   100  rt_memcpy_w.o(.text)
    _memcpy_lastbytes_aligned                0x0000053d   Thumb Code     0  rt_memcpy_w.o(.text)
    __aeabi_memclr4                          0x00000559   Thumb Code     0  rt_memclr_w.o(.text)
    __aeabi_memclr8                          0x00000559   Thumb Code     0  rt_memclr_w.o(.text)
    __rt_memclr_w                            0x00000559   Thumb Code     0  rt_memclr_w.o(.text)
    _memset_w                                0x0000055d   Thumb Code    74  rt_memclr_w.o(.text)
    __user_setup_stackheap                   0x000005a7   Thumb Code    74  sys_stackheap_outer.o(.text)
    exit                                     0x000005f1   Thumb Code    18  exit.o(.text)
    __user_libspace                          0x00000605   Thumb Code     8  libspace.o(.text)
    __user_perproc_libspace                  0x00000605   Thumb Code     0  libspace.o(.text)
    __user_perthread_libspace                0x00000605   Thumb Code     0  libspace.o(.text)
    _sys_exit                                0x0000060d   Thumb Code     8  sys_exit.o(.text)
    __I$use$semihosting                      0x00000619   Thumb Code     0  use_no_semi.o(.text)
    __use_no_semihosting_swi                 0x00000619   Thumb Code     2  use_no_semi.o(.text)
    __semihosting_library_function           0x0000061b   Thumb Code     0  indicate_semi.o(.text)
    GPIOD_Handler                            0x0000061d   Thumb Code   188  main.o(.text.GPIOD_Handler)
    GPIOE_Handler                            0x000006d9   Thumb Code   106  main.o(.text.GPIOE_Handler)
    GPIOF_Handler                            0x00000745   Thumb Code   250  main.o(.text.GPIOF_Handler)
    PendSV_Handler                           0x00000841   Thumb Code   100  port.o(.text.PendSV_Handler)
    SVC_Handler                              0x000008b1   Thumb Code    36  port.o(.text.SVC_Handler)
    SysTick_Handler                          0x000008d5   Thumb Code    46  port.o(.text.SysTick_Handler)
    SystemInit                               0x00000905   Thumb Code   112  system_tm4c123.o(.text.SystemInit)
    main                                     0x00000975   Thumb Code   916  main.o(.text.main)
    pvPortMalloc                             0x000012f5   Thumb Code   106  heap_1.o(.text.pvPortMalloc)
    pvTaskIncrementMutexHeldCount            0x00001361   Thumb Code    24  tasks.o(.text.pvTaskIncrementMutexHeldCount)
    pxPortInitialiseStack                    0x00001379   Thumb Code    40  port.o(.text.pxPortInitialiseStack)
    uxListRemove                             0x000013a1   Thumb Code    36  list.o(.text.uxListRemove)
    uxTaskGetNumberOfTasks                   0x000013c5   Thumb Code    12  tasks.o(.text.uxTaskGetNumberOfTasks)
    vLOCKTask                                0x000013d1   Thumb Code    84  main.o(.text.vLOCKTask)
    vListInitialise                          0x00001425   Thumb Code    22  list.o(.text.vListInitialise)
    vListInitialiseItem                      0x0000143d   Thumb Code     6  list.o(.text.vListInitialiseItem)
    vListInsert                              0x00001445   Thumb Code    58  list.o(.text.vListInsert)
    vListInsertEnd                           0x00001481   Thumb Code    28  list.o(.text.vListInsertEnd)
    vPortEnterCritical                       0x000014b1   Thumb Code    70  port.o(.text.vPortEnterCritical)
    vPortExitCritical                        0x000014f9   Thumb Code    46  port.o(.text.vPortExitCritical)
    vPortFree                                0x00001529   Thumb Code    26  heap_1.o(.text.vPortFree)
    vPortSetupTimerInterrupt                 0x00001545   Thumb Code    52  port.o(.text.vPortSetupTimerInterrupt)
    vPortValidateInterruptPriority           0x00001579   Thumb Code    98  port.o(.text.vPortValidateInterruptPriority)
    vQueueWaitForMessageRestricted           0x000015dd   Thumb Code    70  queue.o(.text.vQueueWaitForMessageRestricted)
    vTaskInternalSetTimeOutState             0x00001625   Thumb Code    26  tasks.o(.text.vTaskInternalSetTimeOutState)
    vTaskMissedYield                         0x00001641   Thumb Code    14  tasks.o(.text.vTaskMissedYield)
    vTaskPlaceOnEventList                    0x00001651   Thumb Code    54  tasks.o(.text.vTaskPlaceOnEventList)
    vTaskPlaceOnEventListRestricted          0x00001689   Thumb Code   114  tasks.o(.text.vTaskPlaceOnEventListRestricted)
    vTaskPriorityDisinheritAfterTimeout      0x000016fd   Thumb Code   206  tasks.o(.text.vTaskPriorityDisinheritAfterTimeout)
    vTaskResume                              0x000017cd   Thumb Code   184  tasks.o(.text.vTaskResume)
    vTaskStartScheduler                      0x00001885   Thumb Code   148  tasks.o(.text.vTaskStartScheduler)
    vTaskSuspend                             0x00001921   Thumb Code   398  tasks.o(.text.vTaskSuspend)
    vTaskSuspendAll                          0x00001ab1   Thumb Code    16  tasks.o(.text.vTaskSuspendAll)
    vTaskSwitchContext                       0x00001ac1   Thumb Code   134  tasks.o(.text.vTaskSwitchContext)
    v_DDOWNAutomaticTask                     0x00001b49   Thumb Code   170  main.o(.text.v_DDOWNAutomaticTask)
    v_DDOWNManualTask                        0x00001bf5   Thumb Code   170  main.o(.text.v_DDOWNManualTask)
    v_DUPAutomaticTask                       0x00001ca1   Thumb Code   114  main.o(.text.v_DUPAutomaticTask)
    v_DUPManualTask                          0x00001d15   Thumb Code   110  main.o(.text.v_DUPManualTask)
    v_JamTask                                0x00001d85   Thumb Code   134  main.o(.text.v_JamTask)
    v_PDOWNTask                              0x00001e0d   Thumb Code   198  main.o(.text.v_PDOWNTask)
    v_PUPTask                                0x00001ed5   Thumb Code   146  main.o(.text.v_PUPTask)
    xPortStartScheduler                      0x00001f69   Thumb Code   306  port.o(.text.xPortStartScheduler)
    xQueueGenericCreate                      0x0000209d   Thumb Code   138  queue.o(.text.xQueueGenericCreate)
    xQueueGenericSend                        0x00002129   Thumb Code   580  queue.o(.text.xQueueGenericSend)
    xQueueGiveFromISR                        0x0000236d   Thumb Code   282  queue.o(.text.xQueueGiveFromISR)
    xQueueReceive                            0x00002489   Thumb Code   424  queue.o(.text.xQueueReceive)
    xQueueSemaphoreTake                      0x00002631   Thumb Code   458  queue.o(.text.xQueueSemaphoreTake)
    xTaskCheckForTimeOut                     0x000027fd   Thumb Code   146  tasks.o(.text.xTaskCheckForTimeOut)
    xTaskCreate                              0x00002891   Thumb Code   504  tasks.o(.text.xTaskCreate)
    xTaskGetSchedulerState                   0x00002a89   Thumb Code    38  tasks.o(.text.xTaskGetSchedulerState)
    xTaskGetTickCount                        0x00002ab1   Thumb Code    12  tasks.o(.text.xTaskGetTickCount)
    xTaskIncrementTick                       0x00002abd   Thumb Code   442  tasks.o(.text.xTaskIncrementTick)
    xTaskPriorityDisinherit                  0x00002c79   Thumb Code   198  tasks.o(.text.xTaskPriorityDisinherit)
    xTaskPriorityInherit                     0x00002d41   Thumb Code   190  tasks.o(.text.xTaskPriorityInherit)
    xTaskRemoveFromEventList                 0x00002e01   Thumb Code   240  tasks.o(.text.xTaskRemoveFromEventList)
    xTaskResumeAll                           0x00002ef1   Thumb Code   388  tasks.o(.text.xTaskResumeAll)
    xTimerCreateTimerTask                    0x00003075   Thumb Code   156  timers.o(.text.xTimerCreateTimerTask)
    _fp_init                                 0x00003119   Thumb Code    26  fpinit.o(x$fpl$fpinit)
    __fplib_config_fpu_vfp                   0x00003131   Thumb Code     0  fpinit.o(x$fpl$fpinit)
    __fplib_config_pureend_doubles           0x00003131   Thumb Code     0  fpinit.o(x$fpl$fpinit)
    uxTopUsedPriority                        0x00003134   Data           4  tasks.o(.rodata.uxTopUsedPriority)
    Region$$Table$$Base                      0x00003138   Number         0  anon$$obj.o(Region$$Table)
    Region$$Table$$Limit                     0x00003158   Number         0  anon$$obj.o(Region$$Table)
    SystemCoreClock                          0x20000000   Data           4  system_tm4c123.o(.data.SystemCoreClock)
    __libspace_start                         0x20000008   Data          96  libspace.o(.bss)
    Auto_up_Handle                           0x20000068   Data           4  main.o(.bss.Auto_up_Handle)
    __temporary_stack_top$libspace           0x20000068   Data           0  libspace.o(.bss)
    Manual_up_Handle                         0x2000006c   Data           4  main.o(.bss.Manual_up_Handle)
    P_up_Handle                              0x20000070   Data           4  main.o(.bss.P_up_Handle)
    pxCurrentTCB                             0x2000007c   Data           4  tasks.o(.bss.pxCurrentTCB)
    xDOWNAutomaticSemaphore                  0x20006200   Data           4  main.o(.bss.xDOWNAutomaticSemaphore)
    xDOWNManualSemaphore                     0x20006204   Data           4  main.o(.bss.xDOWNManualSemaphore)
    xDOWNSemaphore_P                         0x20006208   Data           4  main.o(.bss.xDOWNSemaphore_P)
    xJamSemaphore                            0x20006238   Data           4  main.o(.bss.xJamSemaphore)
    xLOCKSemaphore                           0x2000623c   Data           4  main.o(.bss.xLOCKSemaphore)
    xUPAutomaticSemaphore                    0x2000629c   Data           4  main.o(.bss.xUPAutomaticSemaphore)
    xUPManualSemaphore                       0x200062a0   Data           4  main.o(.bss.xUPManualSemaphore)
    xUPSemaphore_P                           0x200062a4   Data           4  main.o(.bss.xUPSemaphore_P)



==============================================================================

Memory Map of the image

  Image Entry point : 0x0000030d

  Load Region LR_1 (Base: 0x00000000, Size: 0x00003160, Max: 0xffffffff, ABSOLUTE)

    Execution Region ER_RO (Exec base: 0x00000000, Load base: 0x00000000, Size: 0x00003158, Max: 0xffffffff, ABSOLUTE)

    Exec Addr    Load Addr    Size         Type   Attr      Idx    E Section Name        Object

    0x00000000   0x00000000   0x0000026c   Data   RO           55    RESET               startup_tm4c123.o
    0x0000026c   0x0000026c   0x00000008   Code   RO          392  * !!!main             c_w.l(__main.o)
    0x00000274   0x00000274   0x00000034   Code   RO          561    !!!scatter          c_w.l(__scatter.o)
    0x000002a8   0x000002a8   0x0000001a   Code   RO          563    !!handler_copy      c_w.l(__scatter_copy.o)
    0x000002c2   0x000002c2   0x00000002   PAD
    0x000002c4   0x000002c4   0x0000001c   Code   RO          565    !!handler_zi        c_w.l(__scatter_zi.o)
    0x000002e0   0x000002e0   0x00000002   Code   RO          423    .ARM.Collect$$libinit$$00000000  c_w.l(libinit.o)
    0x000002e2   0x000002e2   0x00000004   Code   RO          429    .ARM.Collect$$libinit$$00000001  c_w.l(libinit2.o)
    0x000002e6   0x000002e6   0x00000000   Code   RO          432    .ARM.Collect$$libinit$$00000004  c_w.l(libinit2.o)
    0x000002e6   0x000002e6   0x00000000   Code   RO          434    .ARM.Collect$$libinit$$00000006  c_w.l(libinit2.o)
    0x000002e6   0x000002e6   0x00000000   Code   RO          437    .ARM.Collect$$libinit$$0000000C  c_w.l(libinit2.o)
    0x000002e6   0x000002e6   0x00000000   Code   RO          439    .ARM.Collect$$libinit$$0000000E  c_w.l(libinit2.o)
    0x000002e6   0x000002e6   0x00000000   Code   RO          441    .ARM.Collect$$libinit$$00000010  c_w.l(libinit2.o)
    0x000002e6   0x000002e6   0x00000000   Code   RO          444    .ARM.Collect$$libinit$$00000013  c_w.l(libinit2.o)
    0x000002e6   0x000002e6   0x00000000   Code   RO          446    .ARM.Collect$$libinit$$00000015  c_w.l(libinit2.o)
    0x000002e6   0x000002e6   0x00000000   Code   RO          448    .ARM.Collect$$libinit$$00000017  c_w.l(libinit2.o)
    0x000002e6   0x000002e6   0x00000000   Code   RO          450    .ARM.Collect$$libinit$$00000019  c_w.l(libinit2.o)
    0x000002e6   0x000002e6   0x00000000   Code   RO          452    .ARM.Collect$$libinit$$0000001B  c_w.l(libinit2.o)
    0x000002e6   0x000002e6   0x00000000   Code   RO          454    .ARM.Collect$$libinit$$0000001D  c_w.l(libinit2.o)
    0x000002e6   0x000002e6   0x00000000   Code   RO          456    .ARM.Collect$$libinit$$0000001F  c_w.l(libinit2.o)
    0x000002e6   0x000002e6   0x00000000   Code   RO          458    .ARM.Collect$$libinit$$00000021  c_w.l(libinit2.o)
    0x000002e6   0x000002e6   0x00000000   Code   RO          460    .ARM.Collect$$libinit$$00000023  c_w.l(libinit2.o)
    0x000002e6   0x000002e6   0x00000000   Code   RO          462    .ARM.Collect$$libinit$$00000025  c_w.l(libinit2.o)
    0x000002e6   0x000002e6   0x00000000   Code   RO          464    .ARM.Collect$$libinit$$00000027  c_w.l(libinit2.o)
    0x000002e6   0x000002e6   0x00000000   Code   RO          468    .ARM.Collect$$libinit$$0000002E  c_w.l(libinit2.o)
    0x000002e6   0x000002e6   0x00000000   Code   RO          470    .ARM.Collect$$libinit$$00000030  c_w.l(libinit2.o)
    0x000002e6   0x000002e6   0x00000000   Code   RO          472    .ARM.Collect$$libinit$$00000032  c_w.l(libinit2.o)
    0x000002e6   0x000002e6   0x00000000   Code   RO          474    .ARM.Collect$$libinit$$00000034  c_w.l(libinit2.o)
    0x000002e6   0x000002e6   0x00000002   Code   RO          475    .ARM.Collect$$libinit$$00000035  c_w.l(libinit2.o)
    0x000002e8   0x000002e8   0x00000002   Code   RO          497    .ARM.Collect$$libshutdown$$00000000  c_w.l(libshutdown.o)
    0x000002ea   0x000002ea   0x00000000   Code   RO          512    .ARM.Collect$$libshutdown$$00000002  c_w.l(libshutdown2.o)
    0x000002ea   0x000002ea   0x00000000   Code   RO          514    .ARM.Collect$$libshutdown$$00000004  c_w.l(libshutdown2.o)
    0x000002ea   0x000002ea   0x00000000   Code   RO          517    .ARM.Collect$$libshutdown$$00000007  c_w.l(libshutdown2.o)
    0x000002ea   0x000002ea   0x00000000   Code   RO          520    .ARM.Collect$$libshutdown$$0000000A  c_w.l(libshutdown2.o)
    0x000002ea   0x000002ea   0x00000000   Code   RO          522    .ARM.Collect$$libshutdown$$0000000C  c_w.l(libshutdown2.o)
    0x000002ea   0x000002ea   0x00000000   Code   RO          525    .ARM.Collect$$libshutdown$$0000000F  c_w.l(libshutdown2.o)
    0x000002ea   0x000002ea   0x00000002   Code   RO          526    .ARM.Collect$$libshutdown$$00000010  c_w.l(libshutdown2.o)
    0x000002ec   0x000002ec   0x00000000   Code   RO          394    .ARM.Collect$$rtentry$$00000000  c_w.l(__rtentry.o)
    0x000002ec   0x000002ec   0x00000000   Code   RO          400    .ARM.Collect$$rtentry$$00000002  c_w.l(__rtentry2.o)
    0x000002ec   0x000002ec   0x00000006   Code   RO          412    .ARM.Collect$$rtentry$$00000004  c_w.l(__rtentry4.o)
    0x000002f2   0x000002f2   0x00000000   Code   RO          402    .ARM.Collect$$rtentry$$00000009  c_w.l(__rtentry2.o)
    0x000002f2   0x000002f2   0x00000004   Code   RO          403    .ARM.Collect$$rtentry$$0000000A  c_w.l(__rtentry2.o)
    0x000002f6   0x000002f6   0x00000000   Code   RO          405    .ARM.Collect$$rtentry$$0000000C  c_w.l(__rtentry2.o)
    0x000002f6   0x000002f6   0x00000008   Code   RO          406    .ARM.Collect$$rtentry$$0000000D  c_w.l(__rtentry2.o)
    0x000002fe   0x000002fe   0x00000002   Code   RO          427    .ARM.Collect$$rtexit$$00000000  c_w.l(rtexit.o)
    0x00000300   0x00000300   0x00000000   Code   RO          477    .ARM.Collect$$rtexit$$00000002  c_w.l(rtexit2.o)
    0x00000300   0x00000300   0x00000004   Code   RO          478    .ARM.Collect$$rtexit$$00000003  c_w.l(rtexit2.o)
    0x00000304   0x00000304   0x00000006   Code   RO          479    .ARM.Collect$$rtexit$$00000004  c_w.l(rtexit2.o)
    0x0000030a   0x0000030a   0x00000002   PAD
    0x0000030c   0x0000030c   0x00000114   Code   RO           56  * .text               startup_tm4c123.o
    0x00000420   0x00000420   0x0000008a   Code   RO          386    .text               c_w.l(rt_memcpy_v6.o)
    0x000004aa   0x000004aa   0x00000044   Code   RO          388    .text               c_w.l(rt_memclr.o)
    0x000004ee   0x000004ee   0x00000006   Code   RO          390    .text               c_w.l(heapauxi.o)
    0x000004f4   0x000004f4   0x00000064   Code   RO          395    .text               c_w.l(rt_memcpy_w.o)
    0x00000558   0x00000558   0x0000004e   Code   RO          397    .text               c_w.l(rt_memclr_w.o)
    0x000005a6   0x000005a6   0x0000004a   Code   RO          414    .text               c_w.l(sys_stackheap_outer.o)
    0x000005f0   0x000005f0   0x00000012   Code   RO          416    .text               c_w.l(exit.o)
    0x00000602   0x00000602   0x00000002   PAD
    0x00000604   0x00000604   0x00000008   Code   RO          424    .text               c_w.l(libspace.o)
    0x0000060c   0x0000060c   0x0000000c   Code   RO          487    .text               c_w.l(sys_exit.o)
    0x00000618   0x00000618   0x00000002   Code   RO          502    .text               c_w.l(use_no_semi.o)
    0x0000061a   0x0000061a   0x00000000   Code   RO          504    .text               c_w.l(indicate_semi.o)
    0x0000061a   0x0000061a   0x00000002   PAD
    0x0000061c   0x0000061c   0x000000bc   Code   RO           28    .text.GPIOD_Handler  main.o
    0x000006d8   0x000006d8   0x0000006a   Code   RO           30    .text.GPIOE_Handler  main.o
    0x00000742   0x00000742   0x00000002   PAD
    0x00000744   0x00000744   0x000000fa   Code   RO           32    .text.GPIOF_Handler  main.o
    0x0000083e   0x0000083e   0x00000002   PAD
    0x00000840   0x00000840   0x00000064   Code   RO          116    .text.PendSV_Handler  port.o
    0x000008a4   0x000008a4   0x0000000c   PAD
    0x000008b0   0x000008b0   0x00000024   Code   RO          100    .text.SVC_Handler   port.o
    0x000008d4   0x000008d4   0x0000002e   Code   RO          118    .text.SysTick_Handler  port.o
    0x00000902   0x00000902   0x00000002   PAD
    0x00000904   0x00000904   0x00000070   Code   RO           65    .text.SystemInit    system_tm4c123.o
    0x00000974   0x00000974   0x000003d8   Code   RO           18    .text.main          main.o
    0x00000d4c   0x00000d4c   0x000000c0   Code   RO          224    .text.prvAddCurrentTaskToDelayedList  tasks.o
    0x00000e0c   0x00000e0c   0x00000076   Code   RO          248    .text.prvIdleTask   tasks.o
    0x00000e82   0x00000e82   0x00000002   PAD
    0x00000e84   0x00000e84   0x000000cc   Code   RO          168    .text.prvNotifyQueueSetContainer  queue.o
    0x00000f50   0x00000f50   0x00000028   Code   RO          108    .text.prvPortStartFirstTask  port.o
    0x00000f78   0x00000f78   0x00000082   Code   RO          368    .text.prvProcessExpiredTimer  timers.o
    0x00000ffa   0x00000ffa   0x00000002   PAD
    0x00000ffc   0x00000ffc   0x00000032   Code   RO           98    .text.prvTaskExitError  port.o
    0x0000102e   0x0000102e   0x00000002   PAD
    0x00001030   0x00001030   0x0000023a   Code   RO          342    .text.prvTimerTask  timers.o
    0x0000126a   0x0000126a   0x00000002   PAD
    0x0000126c   0x0000126c   0x00000088   Code   RO          170    .text.prvUnlockQueue  queue.o
    0x000012f4   0x000012f4   0x0000006a   Code   RO          133    .text.pvPortMalloc  heap_1.o
    0x0000135e   0x0000135e   0x00000002   PAD
    0x00001360   0x00001360   0x00000018   Code   RO          294    .text.pvTaskIncrementMutexHeldCount  tasks.o
    0x00001378   0x00001378   0x00000028   Code   RO           96    .text.pxPortInitialiseStack  port.o
    0x000013a0   0x000013a0   0x00000024   Code   RO           86    .text.uxListRemove  list.o
    0x000013c4   0x000013c4   0x0000000c   Code   RO          258    .text.uxTaskGetNumberOfTasks  tasks.o
    0x000013d0   0x000013d0   0x00000054   Code   RO           12    .text.vLOCKTask     main.o
    0x00001424   0x00001424   0x00000016   Code   RO           78    .text.vListInitialise  list.o
    0x0000143a   0x0000143a   0x00000002   PAD
    0x0000143c   0x0000143c   0x00000006   Code   RO           80    .text.vListInitialiseItem  list.o
    0x00001442   0x00001442   0x00000002   PAD
    0x00001444   0x00001444   0x0000003a   Code   RO           84    .text.vListInsert   list.o
    0x0000147e   0x0000147e   0x00000002   PAD
    0x00001480   0x00001480   0x0000001c   Code   RO           82    .text.vListInsertEnd  list.o
    0x0000149c   0x0000149c   0x00000014   Code   RO          106    .text.vPortEnableVFP  port.o
    0x000014b0   0x000014b0   0x00000046   Code   RO          112    .text.vPortEnterCritical  port.o
    0x000014f6   0x000014f6   0x00000002   PAD
    0x000014f8   0x000014f8   0x0000002e   Code   RO          114    .text.vPortExitCritical  port.o
    0x00001526   0x00001526   0x00000002   PAD
    0x00001528   0x00001528   0x0000001a   Code   RO          135    .text.vPortFree     heap_1.o
    0x00001542   0x00001542   0x00000002   PAD
    0x00001544   0x00001544   0x00000034   Code   RO          104    .text.vPortSetupTimerInterrupt  port.o
    0x00001578   0x00001578   0x00000062   Code   RO          120    .text.vPortValidateInterruptPriority  port.o
    0x000015da   0x000015da   0x00000002   PAD
    0x000015dc   0x000015dc   0x00000046   Code   RO          196    .text.vQueueWaitForMessageRestricted  queue.o
    0x00001622   0x00001622   0x00000002   PAD
    0x00001624   0x00001624   0x0000001a   Code   RO          276    .text.vTaskInternalSetTimeOutState  tasks.o
    0x0000163e   0x0000163e   0x00000002   PAD
    0x00001640   0x00001640   0x0000000e   Code   RO          280    .text.vTaskMissedYield  tasks.o
    0x0000164e   0x0000164e   0x00000002   PAD
    0x00001650   0x00001650   0x00000036   Code   RO          264    .text.vTaskPlaceOnEventList  tasks.o
    0x00001686   0x00001686   0x00000002   PAD
    0x00001688   0x00001688   0x00000072   Code   RO          268    .text.vTaskPlaceOnEventListRestricted  tasks.o
    0x000016fa   0x000016fa   0x00000002   PAD
    0x000016fc   0x000016fc   0x000000ce   Code   RO          290    .text.vTaskPriorityDisinheritAfterTimeout  tasks.o
    0x000017ca   0x000017ca   0x00000002   PAD
    0x000017cc   0x000017cc   0x000000b8   Code   RO          242    .text.vTaskResume   tasks.o
    0x00001884   0x00001884   0x0000009c   Code   RO          246    .text.vTaskStartScheduler  tasks.o
    0x00001920   0x00001920   0x0000018e   Code   RO          238    .text.vTaskSuspend  tasks.o
    0x00001aae   0x00001aae   0x00000002   PAD
    0x00001ab0   0x00001ab0   0x00000010   Code   RO          222    .text.vTaskSuspendAll  tasks.o
    0x00001ac0   0x00001ac0   0x00000086   Code   RO          240    .text.vTaskSwitchContext  tasks.o
    0x00001b46   0x00001b46   0x00000002   PAD
    0x00001b48   0x00001b48   0x000000aa   Code   RO            6    .text.v_DDOWNAutomaticTask  main.o
    0x00001bf2   0x00001bf2   0x00000002   PAD
    0x00001bf4   0x00001bf4   0x000000aa   Code   RO           10    .text.v_DDOWNManualTask  main.o
    0x00001c9e   0x00001c9e   0x00000002   PAD
    0x00001ca0   0x00001ca0   0x00000072   Code   RO            4    .text.v_DUPAutomaticTask  main.o
    0x00001d12   0x00001d12   0x00000002   PAD
    0x00001d14   0x00001d14   0x0000006e   Code   RO            8    .text.v_DUPManualTask  main.o
    0x00001d82   0x00001d82   0x00000002   PAD
    0x00001d84   0x00001d84   0x00000086   Code   RO            2    .text.v_JamTask     main.o
    0x00001e0a   0x00001e0a   0x00000002   PAD
    0x00001e0c   0x00001e0c   0x000000c6   Code   RO           16    .text.v_PDOWNTask   main.o
    0x00001ed2   0x00001ed2   0x00000002   PAD
    0x00001ed4   0x00001ed4   0x00000092   Code   RO           14    .text.v_PUPTask     main.o
    0x00001f66   0x00001f66   0x00000002   PAD
    0x00001f68   0x00001f68   0x00000132   Code   RO          102    .text.xPortStartScheduler  port.o
    0x0000209a   0x0000209a   0x00000002   PAD
    0x0000209c   0x0000209c   0x0000008a   Code   RO          154    .text.xQueueGenericCreate  queue.o
    0x00002126   0x00002126   0x00000002   PAD
    0x00002128   0x00002128   0x00000244   Code   RO          160    .text.xQueueGenericSend  queue.o
    0x0000236c   0x0000236c   0x0000011a   Code   RO          174    .text.xQueueGiveFromISR  queue.o
    0x00002486   0x00002486   0x00000002   PAD
    0x00002488   0x00002488   0x000001a8   Code   RO          176    .text.xQueueReceive  queue.o
    0x00002630   0x00002630   0x000001ca   Code   RO          164    .text.xQueueSemaphoreTake  queue.o
    0x000027fa   0x000027fa   0x00000002   PAD
    0x000027fc   0x000027fc   0x00000092   Code   RO          278    .text.xTaskCheckForTimeOut  tasks.o
    0x0000288e   0x0000288e   0x00000002   PAD
    0x00002890   0x00002890   0x000001f8   Code   RO          216    .text.xTaskCreate   tasks.o
    0x00002a88   0x00002a88   0x00000026   Code   RO          284    .text.xTaskGetSchedulerState  tasks.o
    0x00002aae   0x00002aae   0x00000002   PAD
    0x00002ab0   0x00002ab0   0x0000000c   Code   RO          254    .text.xTaskGetTickCount  tasks.o
    0x00002abc   0x00002abc   0x000001ba   Code   RO          252    .text.xTaskIncrementTick  tasks.o
    0x00002c76   0x00002c76   0x00000002   PAD
    0x00002c78   0x00002c78   0x000000c6   Code   RO          288    .text.xTaskPriorityDisinherit  tasks.o
    0x00002d3e   0x00002d3e   0x00000002   PAD
    0x00002d40   0x00002d40   0x000000be   Code   RO          286    .text.xTaskPriorityInherit  tasks.o
    0x00002dfe   0x00002dfe   0x00000002   PAD
    0x00002e00   0x00002e00   0x000000f0   Code   RO          270    .text.xTaskRemoveFromEventList  tasks.o
    0x00002ef0   0x00002ef0   0x00000184   Code   RO          226    .text.xTaskResumeAll  tasks.o
    0x00003074   0x00003074   0x000000a4   Code   RO          340    .text.xTimerCreateTimerTask  timers.o
    0x00003118   0x00003118   0x0000001a   Code   RO          485    x$fpl$fpinit        fz_wm.l(fpinit.o)
    0x00003132   0x00003132   0x00000002   PAD
    0x00003134   0x00003134   0x00000004   Data   RO          311    .rodata.uxTopUsedPriority  tasks.o
    0x00003138   0x00003138   0x00000020   Data   RO          560    Region$$Table       anon$$obj.o


    Execution Region ER_RW (Exec base: 0x20000000, Load base: 0x00003158, Size: 0x00000008, Max: 0xffffffff, ABSOLUTE)

    Exec Addr    Load Addr    Size         Type   Attr      Idx    E Section Name        Object

    0x20000000   0x00003158   0x00000004   Data   RW           67    .data.SystemCoreClock  system_tm4c123.o
    0x20000004   0x0000315c   0x00000004   Data   RW          124    .data.uxCriticalNesting  port.o


    Execution Region ER_ZI (Exec base: 0x20000008, Load base: 0x00003160, Size: 0x000064a8, Max: 0xffffffff, ABSOLUTE)

    Exec Addr    Load Addr    Size         Type   Attr      Idx    E Section Name        Object

    0x20000008        -       0x00000060   Zero   RW          425    .bss                c_w.l(libspace.o)
    0x20000068        -       0x00000004   Zero   RW           35    .bss.Auto_up_Handle  main.o
    0x2000006c        -       0x00000004   Zero   RW           36    .bss.Manual_up_Handle  main.o
    0x20000070        -       0x00000004   Zero   RW           37    .bss.P_up_Handle    main.o
    0x20000074        -       0x00000004   Zero   RW          374    .bss.prvSampleTimeNow.xLastTime  timers.o
    0x20000078        -       0x00000004   Zero   RW          141    .bss.pvPortMalloc.pucAlignedHeap  heap_1.o
    0x2000007c        -       0x00000004   Zero   RW          310    .bss.pxCurrentTCB   tasks.o
    0x20000080        -       0x00000004   Zero   RW          372    .bss.pxCurrentTimerList  timers.o
    0x20000084        -       0x00000004   Zero   RW          321    .bss.pxDelayedTaskList  tasks.o
    0x20000088        -       0x00000004   Zero   RW          322    .bss.pxOverflowDelayedTaskList  tasks.o
    0x2000008c        -       0x00000004   Zero   RW          373    .bss.pxOverflowTimerList  timers.o
    0x20000090        -       0x0000012c   Zero   RW          312    .bss.pxReadyTasksLists  tasks.o
    0x200001bc        -       0x00006000   Zero   RW          142    .bss.ucHeap         heap_1.o
    0x200061bc        -       0x00000001   Zero   RW          122    .bss.ucMaxSysCallPriority  port.o
    0x200061bd   0x00003160   0x00000003   PAD
    0x200061c0        -       0x00000004   Zero   RW          123    .bss.ulMaxPRIGROUPValue  port.o
    0x200061c4        -       0x00000004   Zero   RW          317    .bss.uxCurrentNumberOfTasks  tasks.o
    0x200061c8        -       0x00000004   Zero   RW          316    .bss.uxDeletedTasksWaitingCleanUp  tasks.o
    0x200061cc        -       0x00000004   Zero   RW          319    .bss.uxSchedulerSuspended  tasks.o
    0x200061d0        -       0x00000004   Zero   RW          314    .bss.uxTaskNumber   tasks.o
    0x200061d4        -       0x00000004   Zero   RW          313    .bss.uxTopReadyPriority  tasks.o
    0x200061d8        -       0x00000014   Zero   RW          375    .bss.xActiveTimerList1  timers.o
    0x200061ec        -       0x00000014   Zero   RW          376    .bss.xActiveTimerList2  timers.o
    0x20006200        -       0x00000004   Zero   RW           39    .bss.xDOWNAutomaticSemaphore  main.o
    0x20006204        -       0x00000004   Zero   RW           41    .bss.xDOWNManualSemaphore  main.o
    0x20006208        -       0x00000004   Zero   RW           44    .bss.xDOWNSemaphore_P  main.o
    0x2000620c        -       0x00000014   Zero   RW          330    .bss.xDelayedTaskList1  tasks.o
    0x20006220        -       0x00000014   Zero   RW          331    .bss.xDelayedTaskList2  tasks.o
    0x20006234        -       0x00000004   Zero   RW          326    .bss.xIdleTaskHandle  tasks.o
    0x20006238        -       0x00000004   Zero   RW           34    .bss.xJamSemaphore  main.o
    0x2000623c        -       0x00000004   Zero   RW           42    .bss.xLOCKSemaphore  main.o
    0x20006240        -       0x00000004   Zero   RW          143    .bss.xNextFreeByte  heap_1.o
    0x20006244        -       0x00000004   Zero   RW          327    .bss.xNextTaskUnblockTime  tasks.o
    0x20006248        -       0x00000004   Zero   RW          329    .bss.xNumOfOverflows  tasks.o
    0x2000624c        -       0x00000004   Zero   RW          328    .bss.xPendedTicks   tasks.o
    0x20006250        -       0x00000014   Zero   RW          325    .bss.xPendingReadyList  tasks.o
    0x20006264        -       0x00000004   Zero   RW          318    .bss.xSchedulerRunning  tasks.o
    0x20006268        -       0x00000014   Zero   RW          323    .bss.xSuspendedTaskList  tasks.o
    0x2000627c        -       0x00000014   Zero   RW          315    .bss.xTasksWaitingTermination  tasks.o
    0x20006290        -       0x00000004   Zero   RW          320    .bss.xTickCount     tasks.o
    0x20006294        -       0x00000004   Zero   RW          370    .bss.xTimerQueue    timers.o
    0x20006298        -       0x00000004   Zero   RW          371    .bss.xTimerTaskHandle  timers.o
    0x2000629c        -       0x00000004   Zero   RW           38    .bss.xUPAutomaticSemaphore  main.o
    0x200062a0        -       0x00000004   Zero   RW           40    .bss.xUPManualSemaphore  main.o
    0x200062a4        -       0x00000004   Zero   RW           43    .bss.xUPSemaphore_P  main.o
    0x200062a8        -       0x00000004   Zero   RW          324    .bss.xYieldPending  tasks.o
    0x200062ac   0x00003160   0x00000004   PAD
    0x200062b0        -       0x00000000   Zero   RW           54    HEAP                startup_tm4c123.o
    0x200062b0        -       0x00000200   Zero   RW           53    STACK               startup_tm4c123.o


==============================================================================

Image component sizes


      Code (inc. data)   RO Data    RW Data    ZI Data      Debug   Object Name

       132          0          0          0      24584       1902   heap_1.o
       150          0          0          0          0       2402   list.o
      2654         68          0          0         44      13054   main.o
       904         16          0          4          5       4204   port.o
      2292          0          0          0          0      23177   queue.o
       276         24        620          0        512       5512   startup_tm4c123.o
       112          0          0          4          0       6502   system_tm4c123.o
      3806          8          4          0        460      29239   tasks.o
       864         18          0          0         60      11951   timers.o

    ----------------------------------------------------------------------
     11280        146        656          8      25672      97943   Object Totals
         0          0         32          0          0          0   (incl. Generated)
        90         12          0          0          7          0   (incl. Padding)

    ----------------------------------------------------------------------

      Code (inc. data)   RO Data    RW Data    ZI Data      Debug   Library Member Name

         8          0          0          0          0         68   __main.o
         0          0          0          0          0          0   __rtentry.o
        12          0          0          0          0          0   __rtentry2.o
         6          0          0          0          0          0   __rtentry4.o
        52          8          0          0          0          0   __scatter.o
        26          0          0          0          0          0   __scatter_copy.o
        28          0          0          0          0          0   __scatter_zi.o
        18          0          0          0          0         80   exit.o
         6          0          0          0          0        152   heapauxi.o
         0          0          0          0          0          0   indicate_semi.o
         2          0          0          0          0          0   libinit.o
         6          0          0          0          0          0   libinit2.o
         2          0          0          0          0          0   libshutdown.o
         2          0          0          0          0          0   libshutdown2.o
         8          4          0          0         96         68   libspace.o
        68          0          0          0          0         68   rt_memclr.o
        78          0          0          0          0         80   rt_memclr_w.o
       138          0          0          0          0         68   rt_memcpy_v6.o
       100          0          0          0          0         80   rt_memcpy_w.o
         2          0          0          0          0          0   rtexit.o
        10          0          0          0          0          0   rtexit2.o
        12          4          0          0          0         68   sys_exit.o
        74          0          0          0          0         80   sys_stackheap_outer.o
         2          0          0          0          0         68   use_no_semi.o
        26          0          0          0          0        116   fpinit.o

    ----------------------------------------------------------------------
       696         16          0          0         96        996   Library Totals
        10          0          0          0          0          0   (incl. Padding)

    ----------------------------------------------------------------------

      Code (inc. data)   RO Data    RW Data    ZI Data      Debug   Library Name

       660         16          0          0         96        880   c_w.l
        26          0          0          0          0        116   fz_wm.l

    ----------------------------------------------------------------------
       696         16          0          0         96        996   Library Totals

    ----------------------------------------------------------------------

==============================================================================


      Code (inc. data)   RO Data    RW Data    ZI Data      Debug   

     11976        162        656          8      25768      98435   Grand Totals
     11976        162        656          8      25768      98435   ELF Image Totals
     11976        162        656          8          0          0   ROM Totals

==============================================================================

    Total RO  Size (Code + RO Data)                12632 (  12.34kB)
    Total RW  Size (RW Data + ZI Data)             25776 (  25.17kB)
    Total ROM Size (Code + RO Data + RW Data)      12640 (  12.34kB)

==============================================================================

